<html>
<body>
<pre>
<h1>礦ision Build Log</h1>
<h2>Tool Versions:</h2>
IDE-Version: μVision V5.29.0.0
Copyright (C) 2019 ARM Ltd and ARM Germany GmbH. All rights reserved.
License Information: 1 lizhengming021009@outlook.com, 1, LIC=14HV2-9MPNF-45BT5-GNIQB-3BTK5-QAET0
 
Tool Versions:
Toolchain:       MDK-ARM Plus  Version: 5.29.0.0
Toolchain Path:  D:\APP\ARM\ARMCC\Bin
C Compiler:      Armcc.exe V5.06 update 6 (build 750)
Assembler:       Armasm.exe V5.06 update 6 (build 750)
Linker/Locator:  ArmLink.exe V5.06 update 6 (build 750)
Library Manager: ArmAr.exe V5.06 update 6 (build 750)
Hex Converter:   FromElf.exe V5.06 update 6 (build 750)
CPU DLL:         SARMCM3.DLL V5.29.0.0
Dialog DLL:      DCM.DLL V1.17.3.0
Target DLL:      Segger\JL2CM3.dll V2.99.36.0
Dialog DLL:      TCM.DLL V1.36.5.0
 
<h2>Project:</h2>
D:\机械臂工具包\GEC_STM32F103_Project\GEC_F103_CODE\USER\project_files\STM32F103.uvprojx
Project File Date:  05/30/2024

<h2>Output:</h2>
*** Using Compiler 'V5.06 update 6 (build 750)', folder: 'D:\APP\ARM\ARMCC\Bin'
Rebuild target 'GEC_F103'
assembling startup_stm32f10x_hd.s...
compiling stm32f10x_adc.c...
compiling core_cm3.c...
compiling stm32f10x_exti.c...
compiling stm32f10x_cec.c...
compiling stm32f10x_dma.c...
compiling stm32f10x_dbgmcu.c...
compiling stm32f10x_crc.c...
compiling stm32f10x_bkp.c...
compiling stm32f10x_gpio.c...
compiling misc.c...
compiling stm32f10x_dac.c...
compiling stm32f10x_can.c...
compiling stm32f10x_fsmc.c...
compiling stm32f10x_flash.c...
compiling stm32f10x_i2c.c...
compiling stm32f10x_iwdg.c...
compiling stm32f10x_pwr.c...
compiling gec_init.c...
compiling stm32f10x_rcc.c...
compiling stm32f10x_rtc.c...
compiling stm32f10x_sdio.c...
compiling stm32f10x_spi.c...
compiling stm32f10x_wwdg.c...
compiling stm32f10x_usart.c...
compiling uart.c...
compiling ring_buffer.c...
compiling stm32f10x_tim.c...
compiling gec_gpio.c...
compiling system_stm32f10x.c...
compiling gec_time.c...
compiling gec_int.c...
compiling fashion_star_uart_servo.c...
compiling gec_uart.c...
compiling gec_i2c.c...
compiling main.c...
compiling key_and_led.c...
compiling key_and_bee.c...
compiling show_servo_contorl.c...
..\src\show_servo_contorl.c(34): warning:  #111-D: statement is unreachable
  	return 0;
..\src\show_servo_contorl.c: 1 warning, 0 errors
compiling exit.c...
linking...
Program Size: Code=10176 RO-data=336 RW-data=60 ZI-data=4564  
FromELF: creating hex file...
".\STM32F103.axf" - 0 Error(s), 1 Warning(s).

<h2>Software Packages used:</h2>

Package Vendor: Keil
                http://www.keil.com/pack/Keil.STM32F1xx_DFP.2.2.0.pack
                Keil.STM32F1xx_DFP.2.2.0
                STMicroelectronics STM32F1 Series Device Support, Drivers and Examples

<h2>Collection of Component include folders:</h2>
  .\RTE\_GEC_F103
  D:\APP\Users\lizhe\AppData\Local\Arm\Packs\Keil\STM32F1xx_DFP\2.2.0\Device\Include

<h2>Collection of Component Files used:</h2>
Build Time Elapsed:  00:00:03
</pre>
</body>
</html>
