Component: ARM Compiler 5.06 update 6 (build 750) Tool: armlink [4d35ed]

==============================================================================

Section Cross References

    startup_stm32f10x_hd.o(STACK) refers (Special) to heapauxi.o(.text) for __use_two_region_memory
    startup_stm32f10x_hd.o(HEAP) refers (Special) to heapauxi.o(.text) for __use_two_region_memory
    startup_stm32f10x_hd.o(RESET) refers (Special) to heapauxi.o(.text) for __use_two_region_memory
    startup_stm32f10x_hd.o(RESET) refers to startup_stm32f10x_hd.o(STACK) for __initial_sp
    startup_stm32f10x_hd.o(RESET) refers to startup_stm32f10x_hd.o(.text) for Reset_Handler
    startup_stm32f10x_hd.o(RESET) refers to gec_time.o(i.SysTick_Handler) for SysTick_Handler
    startup_stm32f10x_hd.o(RESET) refers to gec_int.o(i.WWDG_IRQHandler) for WWDG_IRQHandler
    startup_stm32f10x_hd.o(RESET) refers to gec_int.o(i.PVD_IRQHandler) for PVD_IRQHandler
    startup_stm32f10x_hd.o(RESET) refers to gec_int.o(i.FLASH_IRQHandler) for FLASH_IRQHandler
    startup_stm32f10x_hd.o(RESET) refers to gec_int.o(i.RCC_IRQHandler) for RCC_IRQHandler
    startup_stm32f10x_hd.o(RESET) refers to gec_int.o(i.EXTI0_IRQHandler) for EXTI0_IRQHandler
    startup_stm32f10x_hd.o(RESET) refers to gec_int.o(i.EXTI1_IRQHandler) for EXTI1_IRQHandler
    startup_stm32f10x_hd.o(RESET) refers to gec_int.o(i.EXTI2_IRQHandler) for EXTI2_IRQHandler
    startup_stm32f10x_hd.o(RESET) refers to gec_int.o(i.EXTI3_IRQHandler) for EXTI3_IRQHandler
    startup_stm32f10x_hd.o(RESET) refers to gec_int.o(i.EXTI4_IRQHandler) for EXTI4_IRQHandler
    startup_stm32f10x_hd.o(RESET) refers to gec_int.o(i.CAN1_RX1_IRQHandler) for CAN1_RX1_IRQHandler
    startup_stm32f10x_hd.o(RESET) refers to gec_int.o(i.CAN1_SCE_IRQHandler) for CAN1_SCE_IRQHandler
    startup_stm32f10x_hd.o(RESET) refers to gec_int.o(i.EXTI9_5_IRQHandler) for EXTI9_5_IRQHandler
    startup_stm32f10x_hd.o(RESET) refers to gec_int.o(i.TIM1_CC_IRQHandler) for TIM1_CC_IRQHandler
    startup_stm32f10x_hd.o(RESET) refers to gec_int.o(i.TIM2_IRQHandler) for TIM2_IRQHandler
    startup_stm32f10x_hd.o(RESET) refers to gec_int.o(i.TIM3_IRQHandler) for TIM3_IRQHandler
    startup_stm32f10x_hd.o(RESET) refers to gec_int.o(i.TIM4_IRQHandler) for TIM4_IRQHandler
    startup_stm32f10x_hd.o(RESET) refers to gec_int.o(i.I2C1_EV_IRQHandler) for I2C1_EV_IRQHandler
    startup_stm32f10x_hd.o(RESET) refers to gec_int.o(i.I2C1_ER_IRQHandler) for I2C1_ER_IRQHandler
    startup_stm32f10x_hd.o(RESET) refers to gec_int.o(i.I2C2_EV_IRQHandler) for I2C2_EV_IRQHandler
    startup_stm32f10x_hd.o(RESET) refers to gec_int.o(i.I2C2_ER_IRQHandler) for I2C2_ER_IRQHandler
    startup_stm32f10x_hd.o(RESET) refers to gec_int.o(i.SPI1_IRQHandler) for SPI1_IRQHandler
    startup_stm32f10x_hd.o(RESET) refers to gec_int.o(i.SPI2_IRQHandler) for SPI2_IRQHandler
    startup_stm32f10x_hd.o(RESET) refers to gec_int.o(i.USART1_IRQHandler) for USART1_IRQHandler
    startup_stm32f10x_hd.o(RESET) refers to gec_int.o(i.USART2_IRQHandler) for USART2_IRQHandler
    startup_stm32f10x_hd.o(RESET) refers to gec_int.o(i.USART3_IRQHandler) for USART3_IRQHandler
    startup_stm32f10x_hd.o(RESET) refers to gec_int.o(i.EXTI15_10_IRQHandler) for EXTI15_10_IRQHandler
    startup_stm32f10x_hd.o(RESET) refers to gec_int.o(i.TIM8_CC_IRQHandler) for TIM8_CC_IRQHandler
    startup_stm32f10x_hd.o(RESET) refers to gec_int.o(i.FSMC_IRQHandler) for FSMC_IRQHandler
    startup_stm32f10x_hd.o(RESET) refers to gec_int.o(i.SDIO_IRQHandler) for SDIO_IRQHandler
    startup_stm32f10x_hd.o(RESET) refers to gec_int.o(i.TIM5_IRQHandler) for TIM5_IRQHandler
    startup_stm32f10x_hd.o(RESET) refers to gec_int.o(i.SPI3_IRQHandler) for SPI3_IRQHandler
    startup_stm32f10x_hd.o(RESET) refers to gec_int.o(i.UART4_IRQHandler) for UART4_IRQHandler
    startup_stm32f10x_hd.o(RESET) refers to gec_int.o(i.UART5_IRQHandler) for UART5_IRQHandler
    startup_stm32f10x_hd.o(RESET) refers to gec_int.o(i.TIM7_IRQHandler) for TIM7_IRQHandler
    startup_stm32f10x_hd.o(.text) refers (Special) to heapauxi.o(.text) for __use_two_region_memory
    startup_stm32f10x_hd.o(.text) refers to system_stm32f10x.o(i.SystemInit) for SystemInit
    startup_stm32f10x_hd.o(.text) refers to __main.o(!!!main) for __main
    startup_stm32f10x_hd.o(.text) refers to startup_stm32f10x_hd.o(HEAP) for Heap_Mem
    startup_stm32f10x_hd.o(.text) refers to startup_stm32f10x_hd.o(STACK) for Stack_Mem
    stm32f10x_adc.o(i.ADC_DeInit) refers to stm32f10x_rcc.o(i.RCC_APB2PeriphResetCmd) for RCC_APB2PeriphResetCmd
    stm32f10x_bkp.o(i.BKP_DeInit) refers to stm32f10x_rcc.o(i.RCC_BackupResetCmd) for RCC_BackupResetCmd
    stm32f10x_can.o(i.CAN_DeInit) refers to stm32f10x_rcc.o(i.RCC_APB1PeriphResetCmd) for RCC_APB1PeriphResetCmd
    stm32f10x_can.o(i.CAN_GetITStatus) refers to stm32f10x_can.o(i.CheckITStatus) for CheckITStatus
    stm32f10x_cec.o(i.CEC_DeInit) refers to stm32f10x_rcc.o(i.RCC_APB1PeriphResetCmd) for RCC_APB1PeriphResetCmd
[...]
    ../clib/heapaux.c                        0x00000000   Number         0  heapauxa.o ABSOLUTE
    ../clib/heapaux.c                        0x00000000   Number         0  heapauxi.o ABSOLUTE
    ../clib/libinit.s                        0x00000000   Number         0  libinit2.o ABSOLUTE
    ../clib/libinit.s                        0x00000000   Number         0  libshutdown.o ABSOLUTE
    ../clib/libinit.s                        0x00000000   Number         0  libshutdown2.o ABSOLUTE
    ../clib/libinit.s                        0x00000000   Number         0  libinit.o ABSOLUTE
    ../clib/memcpset.s                       0x00000000   Number         0  rt_memcpy_w.o ABSOLUTE
    ../clib/printf.c                         0x00000000   Number         0  _printf_char_file.o ABSOLUTE
    ../clib/printf.c                         0x00000000   Number         0  _printf_char_common.o ABSOLUTE
    ../clib/printf.c                         0x00000000   Number         0  __printf_nopercent.o ABSOLUTE
    ../clib/printf.c                         0x00000000   Number         0  noretval__2printf.o ABSOLUTE
    ../clib/printf.c                         0x00000000   Number         0  __2printf.o ABSOLUTE
    ../clib/signal.c                         0x00000000   Number         0  defsig_abrt_inner.o ABSOLUTE
    ../clib/signal.c                         0x00000000   Number         0  defsig_exit.o ABSOLUTE
    ../clib/signal.c                         0x00000000   Number         0  defsig_rtmem_outer.o ABSOLUTE
    ../clib/signal.c                         0x00000000   Number         0  defsig_rtmem_inner.o ABSOLUTE
    ../clib/signal.c                         0x00000000   Number         0  defsig_rtmem_formal.o ABSOLUTE
    ../clib/signal.c                         0x00000000   Number         0  __raise.o ABSOLUTE
    ../clib/signal.c                         0x00000000   Number         0  defsig_general.o ABSOLUTE
    ../clib/signal.c                         0x00000000   Number         0  defsig_other.o ABSOLUTE
    ../clib/signal.c                         0x00000000   Number         0  defsig_segv_inner.o ABSOLUTE
    ../clib/signal.c                         0x00000000   Number         0  defsig_cppl_inner.o ABSOLUTE
    ../clib/signal.c                         0x00000000   Number         0  defsig_pvfn_inner.o ABSOLUTE
    ../clib/signal.c                         0x00000000   Number         0  defsig_stak_inner.o ABSOLUTE
    ../clib/signal.c                         0x00000000   Number         0  defsig_rtred_inner.o ABSOLUTE
    ../clib/signal.c                         0x00000000   Number         0  defsig_fpe_inner.o ABSOLUTE
    ../clib/signal.s                         0x00000000   Number         0  defsig.o ABSOLUTE
    ../clib/stdio.c                          0x00000000   Number         0  ferror.o ABSOLUTE
    ../clib/stdio.c                          0x00000000   Number         0  ferror_locked.o ABSOLUTE
    ../clib/stdlib.c                         0x00000000   Number         0  exit.o ABSOLUTE
    ../fplib/d2f.s                           0x00000000   Number         0  d2f.o ABSOLUTE
    ../fplib/ddiv.s                          0x00000000   Number         0  ddiv.o ABSOLUTE
    ../fplib/dflt.s                          0x00000000   Number         0  dflt_clz.o ABSOLUTE
    ../fplib/dnaninf.s                       0x00000000   Number         0  dnaninf.o ABSOLUTE
    ../fplib/dretinf.s                       0x00000000   Number         0  dretinf.o ABSOLUTE
    ../fplib/faddsub.s                       0x00000000   Number         0  faddsub_clz.o ABSOLUTE
    ../fplib/fcmpi.s                         0x00000000   Number         0  fcmpi.o ABSOLUTE
    ../fplib/ffix.s                          0x00000000   Number         0  ffix.o ABSOLUTE
    ../fplib/ffixu.s                         0x00000000   Number         0  ffixu.o ABSOLUTE
    ../fplib/fleqf.s                         0x00000000   Number         0  fleqf.o ABSOLUTE
    ../fplib/fmul.s                          0x00000000   Number         0  fmul.o ABSOLUTE
    ../fplib/fnaninf.s                       0x00000000   Number         0  fnaninf.o ABSOLUTE
    ../fplib/fpinit.s                        0x00000000   Number         0  fpinit.o ABSOLUTE
    ../fplib/fretinf.s                       0x00000000   Number         0  fretinf.o ABSOLUTE
    ../fplib/frleqf.s                        0x00000000   Number         0  frleqf.o ABSOLUTE
    ../fplib/usenofp.s                       0x00000000   Number         0  usenofp.o ABSOLUTE
    ..\..\CORE\core_cm3.c                    0x00000000   Number         0  core_cm3.o ABSOLUTE
    ..\..\CORE\startup_stm32f10x_hd.s        0x00000000   Number         0  startup_stm32f10x_hd.o ABSOLUTE
    ..\..\FWLIB\src\misc.c                   0x00000000   Number         0  misc.o ABSOLUTE
    ..\..\FWLIB\src\stm32f10x_adc.c          0x00000000   Number         0  stm32f10x_adc.o ABSOLUTE
    ..\..\FWLIB\src\stm32f10x_bkp.c          0x00000000   Number         0  stm32f10x_bkp.o ABSOLUTE
    ..\..\FWLIB\src\stm32f10x_can.c          0x00000000   Number         0  stm32f10x_can.o ABSOLUTE
    ..\..\FWLIB\src\stm32f10x_cec.c          0x00000000   Number         0  stm32f10x_cec.o ABSOLUTE
    ..\..\FWLIB\src\stm32f10x_crc.c          0x00000000   Number         0  stm32f10x_crc.o ABSOLUTE
    ..\..\FWLIB\src\stm32f10x_dac.c          0x00000000   Number         0  stm32f10x_dac.o ABSOLUTE
    ..\..\FWLIB\src\stm32f10x_dbgmcu.c       0x00000000   Number         0  stm32f10x_dbgmcu.o ABSOLUTE
    ..\..\FWLIB\src\stm32f10x_dma.c          0x00000000   Number         0  stm32f10x_dma.o ABSOLUTE
    ..\..\FWLIB\src\stm32f10x_exti.c         0x00000000   Number         0  stm32f10x_exti.o ABSOLUTE
    ..\..\FWLIB\src\stm32f10x_flash.c        0x00000000   Number         0  stm32f10x_flash.o ABSOLUTE
    ..\..\FWLIB\src\stm32f10x_fsmc.c         0x00000000   Number         0  stm32f10x_fsmc.o ABSOLUTE
    ..\..\FWLIB\src\stm32f10x_gpio.c         0x00000000   Number         0  stm32f10x_gpio.o ABSOLUTE
    ..\..\FWLIB\src\stm32f10x_i2c.c          0x00000000   Number         0  stm32f10x_i2c.o ABSOLUTE
    ..\..\FWLIB\src\stm32f10x_iwdg.c         0x00000000   Number         0  stm32f10x_iwdg.o ABSOLUTE
    ..\..\FWLIB\src\stm32f10x_pwr.c          0x00000000   Number         0  stm32f10x_pwr.o ABSOLUTE
    ..\..\FWLIB\src\stm32f10x_rcc.c          0x00000000   Number         0  stm32f10x_rcc.o ABSOLUTE
    ..\..\FWLIB\src\stm32f10x_rtc.c          0x00000000   Number         0  stm32f10x_rtc.o ABSOLUTE
    ..\..\FWLIB\src\stm32f10x_sdio.c         0x00000000   Number         0  stm32f10x_sdio.o ABSOLUTE
    ..\..\FWLIB\src\stm32f10x_spi.c          0x00000000   Number         0  stm32f10x_spi.o ABSOLUTE
    ..\..\FWLIB\src\stm32f10x_tim.c          0x00000000   Number         0  stm32f10x_tim.o ABSOLUTE
    ..\..\FWLIB\src\stm32f10x_usart.c        0x00000000   Number         0  stm32f10x_usart.o ABSOLUTE
    ..\..\FWLIB\src\stm32f10x_wwdg.c         0x00000000   Number         0  stm32f10x_wwdg.o ABSOLUTE
    ..\..\GEC_LIB\gec_gpio.c                 0x00000000   Number         0  gec_gpio.o ABSOLUTE
    ..\..\GEC_LIB\gec_i2c.c                  0x00000000   Number         0  gec_i2c.o ABSOLUTE
    ..\..\GEC_LIB\gec_init.c                 0x00000000   Number         0  gec_init.o ABSOLUTE
    ..\..\GEC_LIB\gec_int.c                  0x00000000   Number         0  gec_int.o ABSOLUTE
    ..\..\GEC_LIB\gec_time.c                 0x00000000   Number         0  gec_time.o ABSOLUTE
    ..\..\GEC_LIB\gec_uart.c                 0x00000000   Number         0  gec_uart.o ABSOLUTE
    ..\..\GEC_LIB\system_stm32f10x.c         0x00000000   Number         0  system_stm32f10x.o ABSOLUTE
    ..\..\SYSTEM\fashion_star_uart_servo.c   0x00000000   Number         0  fashion_star_uart_servo.o ABSOLUTE
    ..\..\SYSTEM\ring_buffer.c               0x00000000   Number         0  ring_buffer.o ABSOLUTE
    ..\..\SYSTEM\uart.c                      0x00000000   Number         0  uart.o ABSOLUTE
    ..\\..\\CORE\\core_cm3.c                 0x00000000   Number         0  core_cm3.o ABSOLUTE
    ..\src\exit.c                            0x00000000   Number         0  exit.o ABSOLUTE
    ..\src\key_and_bee.c                     0x00000000   Number         0  key_and_bee.o ABSOLUTE
    ..\src\key_and_led.c                     0x00000000   Number         0  key_and_led.o ABSOLUTE
    ..\src\main.c                            0x00000000   Number         0  main.o ABSOLUTE
    ..\src\show_servo_contorl.c              0x00000000   Number         0  show_servo_contorl.o ABSOLUTE
    dc.s                                     0x00000000   Number         0  dc.o ABSOLUTE
    RESET                                    0x08000000   Section      304  startup_stm32f10x_hd.o(RESET)
    !!!main                                  0x08000130   Section        8  __main.o(!!!main)
    !!!scatter                               0x08000138   Section       52  __scatter.o(!!!scatter)
    !!handler_copy                           0x0800016c   Section       26  __scatter_copy.o(!!handler_copy)
    !!handler_zi                             0x08000188   Section       28  __scatter_zi.o(!!handler_zi)
    .ARM.Collect$$libinit$$00000000          0x080001a4   Section        2  libinit.o(.ARM.Collect$$libinit$$00000000)
    .ARM.Collect$$libinit$$00000002          0x080001a6   Section        0  libinit2.o(.ARM.Collect$$libinit$$00000002)
    .ARM.Collect$$libinit$$00000004          0x080001a6   Section        0  libinit2.o(.ARM.Collect$$libinit$$00000004)
    .ARM.Collect$$libinit$$0000000A          0x080001a6   Section        0  libinit2.o(.ARM.Collect$$libinit$$0000000A)
    .ARM.Collect$$libinit$$0000000C          0x080001a6   Section        0  libinit2.o(.ARM.Collect$$libinit$$0000000C)
    .ARM.Collect$$libinit$$0000000E          0x080001a6   Section        0  libinit2.o(.ARM.Collect$$libinit$$0000000E)
    .ARM.Collect$$libinit$$00000011          0x080001a6   Section        0  libinit2.o(.ARM.Collect$$libinit$$00000011)
    .ARM.Collect$$libinit$$00000013          0x080001a6   Section        0  libinit2.o(.ARM.Collect$$libinit$$00000013)
    .ARM.Collect$$libinit$$00000015          0x080001a6   Section        0  libinit2.o(.ARM.Collect$$libinit$$00000015)
    .ARM.Collect$$libinit$$00000017          0x080001a6   Section        0  libinit2.o(.ARM.Collect$$libinit$$00000017)
    .ARM.Collect$$libinit$$00000019          0x080001a6   Section        0  libinit2.o(.ARM.Collect$$libinit$$00000019)
    .ARM.Collect$$libinit$$0000001B          0x080001a6   Section        0  libinit2.o(.ARM.Collect$$libinit$$0000001B)
    .ARM.Collect$$libinit$$0000001D          0x080001a6   Section        0  libinit2.o(.ARM.Collect$$libinit$$0000001D)
    .ARM.Collect$$libinit$$0000001F          0x080001a6   Section        0  libinit2.o(.ARM.Collect$$libinit$$0000001F)
    .ARM.Collect$$libinit$$00000021          0x080001a6   Section        0  libinit2.o(.ARM.Collect$$libinit$$00000021)
    .ARM.Collect$$libinit$$00000023          0x080001a6   Section        0  libinit2.o(.ARM.Collect$$libinit$$00000023)
    .ARM.Collect$$libinit$$00000025          0x080001a6   Section        0  libinit2.o(.ARM.Collect$$libinit$$00000025)
    .ARM.Collect$$libinit$$0000002C          0x080001a6   Section        0  libinit2.o(.ARM.Collect$$libinit$$0000002C)
    .ARM.Collect$$libinit$$0000002E          0x080001a6   Section        0  libinit2.o(.ARM.Collect$$libinit$$0000002E)
    .ARM.Collect$$libinit$$00000030          0x080001a6   Section        0  libinit2.o(.ARM.Collect$$libinit$$00000030)
    .ARM.Collect$$libinit$$00000032          0x080001a6   Section        0  libinit2.o(.ARM.Collect$$libinit$$00000032)
    .ARM.Collect$$libinit$$00000033          0x080001a6   Section        2  libinit2.o(.ARM.Collect$$libinit$$00000033)
    .ARM.Collect$$libshutdown$$00000000      0x080001a8   Section        2  libshutdown.o(.ARM.Collect$$libshutdown$$00000000)
    .ARM.Collect$$libshutdown$$00000002      0x080001aa   Section        0  libshutdown2.o(.ARM.Collect$$libshutdown$$00000002)
    .ARM.Collect$$libshutdown$$00000004      0x080001aa   Section        0  libshutdown2.o(.ARM.Collect$$libshutdown$$00000004)
    .ARM.Collect$$libshutdown$$00000007      0x080001aa   Section        0  libshutdown2.o(.ARM.Collect$$libshutdown$$00000007)
    .ARM.Collect$$libshutdown$$0000000A      0x080001aa   Section        0  libshutdown2.o(.ARM.Collect$$libshutdown$$0000000A)
    .ARM.Collect$$libshutdown$$0000000C      0x080001aa   Section        0  libshutdown2.o(.ARM.Collect$$libshutdown$$0000000C)
    .ARM.Collect$$libshutdown$$0000000F      0x080001aa   Section        0  libshutdown2.o(.ARM.Collect$$libshutdown$$0000000F)
    .ARM.Collect$$libshutdown$$00000010      0x080001aa   Section        2  libshutdown2.o(.ARM.Collect$$libshutdown$$00000010)
    .ARM.Collect$$rtentry$$00000000          0x080001ac   Section        0  __rtentry.o(.ARM.Collect$$rtentry$$00000000)
    .ARM.Collect$$rtentry$$00000002          0x080001ac   Section        0  __rtentry2.o(.ARM.Collect$$rtentry$$00000002)
    .ARM.Collect$$rtentry$$00000004          0x080001ac   Section        6  __rtentry4.o(.ARM.Collect$$rtentry$$00000004)
    .ARM.Collect$$rtentry$$00000009          0x080001b2   Section        0  __rtentry2.o(.ARM.Collect$$rtentry$$00000009)
    .ARM.Collect$$rtentry$$0000000A          0x080001b2   Section        4  __rtentry2.o(.ARM.Collect$$rtentry$$0000000A)
    .ARM.Collect$$rtentry$$0000000C          0x080001b6   Section        0  __rtentry2.o(.ARM.Collect$$rtentry$$0000000C)
    .ARM.Collect$$rtentry$$0000000D          0x080001b6   Section        8  __rtentry2.o(.ARM.Collect$$rtentry$$0000000D)
    .ARM.Collect$$rtexit$$00000000           0x080001be   Section        2  rtexit.o(.ARM.Collect$$rtexit$$00000000)
    .ARM.Collect$$rtexit$$00000002           0x080001c0   Section        0  rtexit2.o(.ARM.Collect$$rtexit$$00000002)
    .ARM.Collect$$rtexit$$00000003           0x080001c0   Section        4  rtexit2.o(.ARM.Collect$$rtexit$$00000003)
    .ARM.Collect$$rtexit$$00000004           0x080001c4   Section        6  rtexit2.o(.ARM.Collect$$rtexit$$00000004)
    .text                                    0x080001cc   Section       64  startup_stm32f10x_hd.o(.text)
    .text                                    0x0800020c   Section        0  noretval__2printf.o(.text)
    .text                                    0x08000224   Section        0  heapauxi.o(.text)
    .text                                    0x0800022c   Section        0  _printf_char_file.o(.text)
    .text                                    0x08000250   Section        8  libspace.o(.text)
    .text                                    0x08000258   Section        0  _printf_char_common.o(.text)
    _printf_input_char                       0x08000259   Thumb Code    10  _printf_char_common.o(.text)
    .text                                    0x08000288   Section        0  ferror.o(.text)
    .text                                    0x08000290   Section        2  use_no_semi.o(.text)
    .text                                    0x08000292   Section       74  sys_stackheap_outer.o(.text)
    .text                                    0x08000292   Section        0  indicate_semi.o(.text)
    .text                                    0x080002dc   Section        0  __printf_nopercent.o(.text)
    .text                                    0x08000304   Section        0  exit.o(.text)
    .text                                    0x08000318   Section        0  sys_exit.o(.text)
    i.Add_Timer                              0x08000324   Section        0  gec_time.o(i.Add_Timer)
    Add_Timer                                0x08000325   Thumb Code   110  gec_time.o(i.Add_Timer)
    i.CAN1_RX1_IRQHandler                    0x0800039c   Section        0  gec_int.o(i.CAN1_RX1_IRQHandler)
    i.CAN1_SCE_IRQHandler                    0x080003a6   Section        0  gec_int.o(i.CAN1_SCE_IRQHandler)
    i.Del_Timeout_Timer                      0x080003b0   Section        0  gec_time.o(i.Del_Timeout_Timer)
    Del_Timeout_Timer                        0x080003b1   Thumb Code    98  gec_time.o(i.Del_Timeout_Timer)
    i.EXTI0_IRQHandler                       0x0800041c   Section        0  gec_int.o(i.EXTI0_IRQHandler)
    i.EXTI15_10_IRQHandler                   0x08000426   Section        0  gec_int.o(i.EXTI15_10_IRQHandler)
    i.EXTI1_IRQHandler                       0x08000430   Section        0  gec_int.o(i.EXTI1_IRQHandler)
    i.EXTI2_IRQHandler                       0x0800043a   Section        0  gec_int.o(i.EXTI2_IRQHandler)
    i.EXTI3_IRQHandler                       0x08000444   Section        0  gec_int.o(i.EXTI3_IRQHandler)
    i.EXTI4_IRQHandler                       0x0800044e   Section        0  gec_int.o(i.EXTI4_IRQHandler)
    i.EXTI9_5_IRQHandler                     0x08000458   Section        0  gec_int.o(i.EXTI9_5_IRQHandler)
    i.EXTI_Init                              0x08000464   Section        0  stm32f10x_exti.o(i.EXTI_Init)
    i.FLASH_IRQHandler                       0x080004f8   Section        0  gec_int.o(i.FLASH_IRQHandler)
    i.FSMC_IRQHandler                        0x08000502   Section        0  gec_int.o(i.FSMC_IRQHandler)
    i.FSUS_CalcChecksum                      0x0800050c   Section        0  fashion_star_uart_servo.o(i.FSUS_CalcChecksum)
    i.FSUS_Package2RingBuffer                0x0800053e   Section        0  fashion_star_uart_servo.o(i.FSUS_Package2RingBuffer)
    i.FSUS_Ping                              0x08000578   Section        0  fashion_star_uart_servo.o(i.FSUS_Ping)
    i.FSUS_QueryServoAngle                   0x080005ac   Section        0  fashion_star_uart_servo.o(i.FSUS_QueryServoAngle)
    i.FSUS_QueryServoAngleMTurn              0x08000618   Section        0  fashion_star_uart_servo.o(i.FSUS_QueryServoAngleMTurn)
    i.FSUS_RecvPackage                       0x08000690   Section        0  fashion_star_uart_servo.o(i.FSUS_RecvPackage)
    i.FSUS_SendPackage                       0x080007c4   Section        0  fashion_star_uart_servo.o(i.FSUS_SendPackage)
    i.FSUS_SetServoAngle                     0x0800080c   Section        0  fashion_star_uart_servo.o(i.FSUS_SetServoAngle)
    i.FSUS_Wait                              0x080008b0   Section        0  fashion_star_uart_servo.o(i.FSUS_Wait)
    i.GPIO_EXTILineConfig                    0x08000914   Section        0  stm32f10x_gpio.o(i.GPIO_EXTILineConfig)
    i.GPIO_Init                              0x08000954   Section        0  stm32f10x_gpio.o(i.GPIO_Init)
    i.GPIO_PinRemapConfig                    0x08000a6c   Section        0  stm32f10x_gpio.o(i.GPIO_PinRemapConfig)
    i.GPIO_WriteBit                          0x08000afc   Section        0  stm32f10x_gpio.o(i.GPIO_WriteBit)
    i.Gec_GPIO_Init                          0x08000b08   Section        0  gec_gpio.o(i.Gec_GPIO_Init)
    i.Gec_GPIO_Set_Value                     0x08000be0   Section        0  gec_gpio.o(i.Gec_GPIO_Set_Value)
    i.Gec_IntHandler                         0x08000bfc   Section        0  gec_int.o(i.Gec_IntHandler)
    i.Gec_IntHandler_Dummy                   0x08000c1c   Section        0  gec_int.o(i.Gec_IntHandler_Dummy)
    Gec_IntHandler_Dummy                     0x08000c1d   Thumb Code     2  gec_int.o(i.Gec_IntHandler_Dummy)
    i.Gec_Int_Disable                        0x08000c20   Section        0  gec_int.o(i.Gec_Int_Disable)
    i.Gec_Int_Enable                         0x08000c40   Section        0  gec_int.o(i.Gec_Int_Enable)
    i.Gec_Int_Init                           0x08000c5c   Section        0  gec_int.o(i.Gec_Int_Init)
    i.Gec_Int_Register                       0x08000cbc   Section        0  gec_int.o(i.Gec_Int_Register)
    i.Gec_Lib_Init                           0x08000ccc   Section        0  gec_init.o(i.Gec_Lib_Init)
    i.Gec_Timer_Init                         0x08000cd8   Section        0  gec_time.o(i.Gec_Timer_Init)
    i.Gec_UART_Init                          0x08000d08   Section        0  gec_uart.o(i.Gec_UART_Init)
    i.Gec_UART_Read                          0x08000e64   Section        0  gec_uart.o(i.Gec_UART_Read)
    i.Hardware_Timer_Disable                 0x08000eac   Section        0  gec_time.o(i.Hardware_Timer_Disable)
    Hardware_Timer_Disable                   0x08000ead   Thumb Code    12  gec_time.o(i.Hardware_Timer_Disable)
    i.Hardware_Timer_Enable                  0x08000ebc   Section        0  gec_time.o(i.Hardware_Timer_Enable)
    Hardware_Timer_Enable                    0x08000ebd   Thumb Code    12  gec_time.o(i.Hardware_Timer_Enable)
    i.Hardware_Timer_IRQHandler              0x08000ecc   Section        0  gec_time.o(i.Hardware_Timer_IRQHandler)
    i.Hardware_Timer_Init                    0x08000f4c   Section        0  gec_time.o(i.Hardware_Timer_Init)
    i.I2C1_ER_IRQHandler                     0x08000fa4   Section        0  gec_int.o(i.I2C1_ER_IRQHandler)
    i.I2C1_EV_IRQHandler                     0x08000fae   Section        0  gec_int.o(i.I2C1_EV_IRQHandler)
    i.I2C2_ER_IRQHandler                     0x08000fb8   Section        0  gec_int.o(i.I2C2_ER_IRQHandler)
    i.I2C2_EV_IRQHandler                     0x08000fc2   Section        0  gec_int.o(i.I2C2_EV_IRQHandler)
    i.NVIC_PriorityGroupConfig               0x08000fcc   Section        0  misc.o(i.NVIC_PriorityGroupConfig)
    i.NVIC_SetPriority                       0x08000fe0   Section        0  gec_time.o(i.NVIC_SetPriority)
    NVIC_SetPriority                         0x08000fe1   Thumb Code    32  gec_time.o(i.NVIC_SetPriority)
    i.PVD_IRQHandler                         0x08001008   Section        0  gec_int.o(i.PVD_IRQHandler)
    i.RCC_APB1PeriphClockCmd                 0x08001014   Section        0  stm32f10x_rcc.o(i.RCC_APB1PeriphClockCmd)
    i.RCC_APB2PeriphClockCmd                 0x08001034   Section        0  stm32f10x_rcc.o(i.RCC_APB2PeriphClockCmd)
    i.RCC_GetClocksFreq                      0x08001054   Section        0  stm32f10x_rcc.o(i.RCC_GetClocksFreq)
    i.RCC_IRQHandler                         0x08001128   Section        0  gec_int.o(i.RCC_IRQHandler)
    i.RingBuffer_GetByteFree                 0x08001132   Section        0  ring_buffer.o(i.RingBuffer_GetByteFree)
    i.RingBuffer_GetByteUsed                 0x0800114a   Section        0  ring_buffer.o(i.RingBuffer_GetByteUsed)
    i.RingBuffer_GetCapacity                 0x08001174   Section        0  ring_buffer.o(i.RingBuffer_GetCapacity)
    i.RingBuffer_GetChecksum                 0x0800117e   Section        0  ring_buffer.o(i.RingBuffer_GetChecksum)
    i.RingBuffer_GetValueByIndex             0x080011a8   Section        0  ring_buffer.o(i.RingBuffer_GetValueByIndex)
    i.RingBuffer_Init                        0x080011d4   Section        0  ring_buffer.o(i.RingBuffer_Init)
    i.RingBuffer_IsEmpty                     0x080011fc   Section        0  ring_buffer.o(i.RingBuffer_IsEmpty)
    i.RingBuffer_IsFull                      0x0800121a   Section        0  ring_buffer.o(i.RingBuffer_IsFull)
    i.RingBuffer_Pop                         0x0800122e   Section        0  ring_buffer.o(i.RingBuffer_Pop)
    i.RingBuffer_Push                        0x08001260   Section        0  ring_buffer.o(i.RingBuffer_Push)
    i.RingBuffer_ReadByte                    0x0800128c   Section        0  ring_buffer.o(i.RingBuffer_ReadByte)
    i.RingBuffer_WriteByte                   0x08001298   Section        0  ring_buffer.o(i.RingBuffer_WriteByte)
    i.RingBuffer_WriteByteArray              0x080012a8   Section        0  ring_buffer.o(i.RingBuffer_WriteByteArray)
    i.RingBuffer_WriteShort                  0x080012c8   Section        0  ring_buffer.o(i.RingBuffer_WriteShort)
    i.RingBuffer_WriteUShort                 0x080012da   Section        0  ring_buffer.o(i.RingBuffer_WriteUShort)
    i.SDIO_IRQHandler                        0x080012ec   Section        0  gec_int.o(i.SDIO_IRQHandler)
    i.SPI1_IRQHandler                        0x080012f6   Section        0  gec_int.o(i.SPI1_IRQHandler)
    i.SPI2_IRQHandler                        0x08001300   Section        0  gec_int.o(i.SPI2_IRQHandler)
    i.SPI3_IRQHandler                        0x0800130a   Section        0  gec_int.o(i.SPI3_IRQHandler)
    i.SetSysClock                            0x08001314   Section        0  system_stm32f10x.o(i.SetSysClock)
    SetSysClock                              0x08001315   Thumb Code     8  system_stm32f10x.o(i.SetSysClock)
    i.SetSysClockTo72                        0x0800131c   Section        0  system_stm32f10x.o(i.SetSysClockTo72)
    SetSysClockTo72                          0x0800131d   Thumb Code   214  system_stm32f10x.o(i.SetSysClockTo72)
    i.Set_led_stata                          0x080013fc   Section        0  key_and_led.o(i.Set_led_stata)
    i.SysTick_Config                         0x08001430   Section        0  gec_time.o(i.SysTick_Config)
    SysTick_Config                           0x08001431   Thumb Code    52  gec_time.o(i.SysTick_Config)
    i.SysTick_Handler                        0x08001464   Section        0  gec_time.o(i.SysTick_Handler)
    i.SystemInit                             0x0800147c   Section        0  system_stm32f10x.o(i.SystemInit)
    i.TIM1_CC_IRQHandler                     0x080014dc   Section        0  gec_int.o(i.TIM1_CC_IRQHandler)
    i.TIM2_IRQHandler                        0x080014e6   Section        0  gec_int.o(i.TIM2_IRQHandler)
    i.TIM3_IRQHandler                        0x080014f0   Section        0  gec_int.o(i.TIM3_IRQHandler)
    i.TIM4_IRQHandler                        0x080014fa   Section        0  gec_int.o(i.TIM4_IRQHandler)
    i.TIM5_IRQHandler                        0x08001504   Section        0  gec_int.o(i.TIM5_IRQHandler)
    i.TIM7_IRQHandler                        0x0800150e   Section        0  gec_int.o(i.TIM7_IRQHandler)
    i.TIM8_CC_IRQHandler                     0x08001518   Section        0  gec_int.o(i.TIM8_CC_IRQHandler)
    i.TIM_ARRPreloadConfig                   0x08001522   Section        0  stm32f10x_tim.o(i.TIM_ARRPreloadConfig)
    i.TIM_ClearITPendingBit                  0x0800153a   Section        0  stm32f10x_tim.o(i.TIM_ClearITPendingBit)
    i.TIM_Cmd                                0x08001540   Section        0  stm32f10x_tim.o(i.TIM_Cmd)
    i.TIM_GetITStatus                        0x08001558   Section        0  stm32f10x_tim.o(i.TIM_GetITStatus)
    i.TIM_ITConfig                           0x0800157a   Section        0  stm32f10x_tim.o(i.TIM_ITConfig)
    i.TIM_TimeBaseInit                       0x0800158c   Section        0  stm32f10x_tim.o(i.TIM_TimeBaseInit)
    i.UART4_IRQHandler                       0x08001630   Section        0  gec_int.o(i.UART4_IRQHandler)
    i.UART5_IRQHandler                       0x0800163a   Section        0  gec_int.o(i.UART5_IRQHandler)
    i.USART1_IRQHandler                      0x08001644   Section        0  gec_int.o(i.USART1_IRQHandler)
    i.USART2_IRQHandler                      0x0800164e   Section        0  gec_int.o(i.USART2_IRQHandler)
    i.USART3_IRQHandler                      0x08001658   Section        0  gec_int.o(i.USART3_IRQHandler)
    i.USART_Cmd                              0x08001662   Section        0  stm32f10x_usart.o(i.USART_Cmd)
    i.USART_GetFlagStatus                    0x0800167a   Section        0  stm32f10x_usart.o(i.USART_GetFlagStatus)
    i.USART_GetITStatus                      0x08001694   Section        0  stm32f10x_usart.o(i.USART_GetITStatus)
    i.USART_ITConfig                         0x080016e8   Section        0  stm32f10x_usart.o(i.USART_ITConfig)
    i.USART_Init                             0x08001734   Section        0  stm32f10x_usart.o(i.USART_Init)
    i.USART_ReceiveData                      0x0800180c   Section        0  stm32f10x_usart.o(i.USART_ReceiveData)
    i.USART_SendData                         0x08001816   Section        0  stm32f10x_usart.o(i.USART_SendData)
    i.Usart_SendAll                          0x0800181e   Section        0  uart.o(i.Usart_SendAll)
    i.WWDG_IRQHandler                        0x0800184e   Section        0  gec_int.o(i.WWDG_IRQHandler)
    i.check_servo_connect                    0x08001858   Section        0  show_servo_contorl.o(i.check_servo_connect)
    i.fputc                                  0x08001898   Section        0  gec_uart.o(i.fputc)
    i.get_exti_trigger                       0x080018bc   Section        0  gec_gpio.o(i.get_exti_trigger)
    get_exti_trigger                         0x080018bd   Thumb Code    34  gec_gpio.o(i.get_exti_trigger)
    i.get_gpio_clock_group                   0x080018e0   Section        0  gec_gpio.o(i.get_gpio_clock_group)
    get_gpio_clock_group                     0x080018e1   Thumb Code    74  gec_gpio.o(i.get_gpio_clock_group)
    i.get_gpio_exti_pin                      0x08001948   Section        0  gec_gpio.o(i.get_gpio_exti_pin)
    get_gpio_exti_pin                        0x08001949   Thumb Code   168  gec_gpio.o(i.get_gpio_exti_pin)
    i.get_gpio_exti_port                     0x080019f0   Section        0  gec_gpio.o(i.get_gpio_exti_port)
    get_gpio_exti_port                       0x080019f1   Thumb Code    72  gec_gpio.o(i.get_gpio_exti_port)
    i.get_stm32gpiomode                      0x08001a54   Section        0  gec_gpio.o(i.get_stm32gpiomode)
    get_stm32gpiomode                        0x08001a55   Thumb Code   142  gec_gpio.o(i.get_stm32gpiomode)
    i.key_and_led_init                       0x08001ae4   Section        0  key_and_led.o(i.key_and_led_init)
    i.main                                   0x08001b3c   Section        0  main.o(i.main)
    i.mdelay                                 0x08001b64   Section        0  gec_time.o(i.mdelay)
    i.uart2_init                             0x08001bac   Section        0  uart.o(i.uart2_init)
    i.uart2_isr                              0x08001c14   Section        0  uart.o(i.uart2_isr)
    i.uart_init                              0x08001c40   Section        0  exit.o(i.uart_init)
    i.uart_int_do                            0x08001c6c   Section        0  exit.o(i.uart_int_do)
    x$fpl$d2f                                0x080020a0   Section       98  d2f.o(x$fpl$d2f)
    x$fpl$ddiv                               0x08002104   Section      688  ddiv.o(x$fpl$ddiv)
    ddiv_entry                               0x0800210b   Thumb Code     0  ddiv.o(x$fpl$ddiv)
    x$fpl$dflt                               0x080023b4   Section       46  dflt_clz.o(x$fpl$dflt)
    x$fpl$dnaninf                            0x080023e2   Section      156  dnaninf.o(x$fpl$dnaninf)
    x$fpl$dretinf                            0x0800247e   Section       12  dretinf.o(x$fpl$dretinf)
    x$fpl$fadd                               0x0800248c   Section      196  faddsub_clz.o(x$fpl$fadd)
    _fadd1                                   0x0800249b   Thumb Code     0  faddsub_clz.o(x$fpl$fadd)
    x$fpl$fcmpinf                            0x08002550   Section       24  fcmpi.o(x$fpl$fcmpinf)
    x$fpl$ffix                               0x08002568   Section       54  ffix.o(x$fpl$ffix)
    x$fpl$fleqf                              0x080025a0   Section      104  fleqf.o(x$fpl$fleqf)
    x$fpl$fmul                               0x08002608   Section      258  fmul.o(x$fpl$fmul)
    x$fpl$fnaninf                            0x0800270a   Section      140  fnaninf.o(x$fpl$fnaninf)
    x$fpl$fretinf                            0x08002796   Section       10  fretinf.o(x$fpl$fretinf)
    x$fpl$frleqf                             0x080027a0   Section       98  frleqf.o(x$fpl$frleqf)
    x$fpl$fsub                               0x08002804   Section      234  faddsub_clz.o(x$fpl$fsub)
    _fsub1                                   0x08002813   Thumb Code     0  faddsub_clz.o(x$fpl$fsub)
    x$fpl$usenofp                            0x080028ee   Section        0  usenofp.o(x$fpl$usenofp)
    .data                                    0x20000000   Section       20  stm32f10x_rcc.o(.data)
    APBAHBPrescTable                         0x20000000   Data          16  stm32f10x_rcc.o(.data)
    ADCPrescTable                            0x20000010   Data           4  stm32f10x_rcc.o(.data)
    .data                                    0x20000014   Section       20  system_stm32f10x.o(.data)
    .data                                    0x20000028   Section       12  gec_time.o(.data)
    cur_tid                                  0x20000028   Data           4  gec_time.o(.data)
    cnt                                      0x2000002c   Data           4  gec_time.o(.data)
    cpu_freq_hz                              0x20000030   Data           4  gec_time.o(.data)
    .data                                    0x20000034   Section        4  gec_uart.o(.data)
    .data                                    0x20000038   Section        4  exit.o(.data)
    Flag1                                    0x20000038   Data           4  exit.o(.data)
    .bss                                     0x2000003c   Section     2080  uart.o(.bss)
    .bss                                     0x2000085c   Section      364  gec_int.o(.bss)
    .bss                                     0x200009c8   Section      484  gec_time.o(.bss)
    gec_timers                               0x200009c8   Data         400  gec_time.o(.bss)
    gec_tlist                                0x20000b58   Data          84  gec_time.o(.bss)
    .bss                                     0x20000bac   Section       96  libspace.o(.bss)
    HEAP                                     0x20000c10   Section      512  startup_stm32f10x_hd.o(HEAP)
    Heap_Mem                                 0x20000c10   Data         512  startup_stm32f10x_hd.o(HEAP)
    STACK                                    0x20000e10   Section     1024  startup_stm32f10x_hd.o(STACK)
    Stack_Mem                                0x20000e10   Data        1024  startup_stm32f10x_hd.o(STACK)
    __initial_sp                             0x20001210   Data           0  startup_stm32f10x_hd.o(STACK)

    Global Symbols

    Symbol Name                              Value     Ov Type        Size  Object(Section)

    BuildAttributes$$THM_ISAv4$P$D$K$B$S$PE$A:L22UL41UL21$X:L11$S22US41US21$IEEE1$IW$USESV6$~STKCKD$USESV7$~SHL$OTIME$ROPI$EBA8$UX$STANDARDLIB$REQ8$PRES8$EABIv2 0x00000000   Number         0  anon$$obj.o ABSOLUTE
    __ARM_use_no_argv                        0x00000000   Number         0  main.o ABSOLUTE
    __ARM_exceptions_init                     - Undefined Weak Reference
    __alloca_initialize                       - Undefined Weak Reference
    __arm_preinit_                            - Undefined Weak Reference
    __cpp_initialize__aeabi_                  - Undefined Weak Reference
    __cxa_finalize                            - Undefined Weak Reference
    __rt_locale                               - Undefined Weak Reference
    __sigvec_lookup                           - Undefined Weak Reference
    __user_heap_extent                        - Undefined Weak Reference
    _atexit_init                              - Undefined Weak Reference
    _call_atexit_fns                          - Undefined Weak Reference
    _clock_init                               - Undefined Weak Reference
    _fp_trap_init                             - Undefined Weak Reference
    _fp_trap_shutdown                         - Undefined Weak Reference
    _get_lc_collate                           - Undefined Weak Reference
    _get_lc_ctype                             - Undefined Weak Reference
    _get_lc_monetary                          - Undefined Weak Reference
    _get_lc_numeric                           - Undefined Weak Reference
    _get_lc_time                              - Undefined Weak Reference
    _getenv_init                              - Undefined Weak Reference
    _handle_redirection                       - Undefined Weak Reference
    _initio                                   - Undefined Weak Reference
    _mutex_acquire                            - Undefined Weak Reference
    _mutex_free                               - Undefined Weak Reference
    _mutex_release                            - Undefined Weak Reference
    _rand_init                                - Undefined Weak Reference
    _signal_finish                            - Undefined Weak Reference
    _signal_init                              - Undefined Weak Reference
    _terminateio                              - Undefined Weak Reference
    __Vectors_Size                           0x00000130   Number         0  startup_stm32f10x_hd.o ABSOLUTE
    __Vectors                                0x08000000   Data           4  startup_stm32f10x_hd.o(RESET)
    __Vectors_End                            0x08000130   Data           0  startup_stm32f10x_hd.o(RESET)
    __main                                   0x08000131   Thumb Code     8  __main.o(!!!main)
    __scatterload                            0x08000139   Thumb Code     0  __scatter.o(!!!scatter)
    __scatterload_rt2                        0x08000139   Thumb Code    44  __scatter.o(!!!scatter)
    __scatterload_rt2_thumb_only             0x08000139   Thumb Code     0  __scatter.o(!!!scatter)
    __scatterload_null                       0x08000147   Thumb Code     0  __scatter.o(!!!scatter)
    __scatterload_copy                       0x0800016d   Thumb Code    26  __scatter_copy.o(!!handler_copy)
    __scatterload_zeroinit                   0x08000189   Thumb Code    28  __scatter_zi.o(!!handler_zi)
    __rt_lib_init                            0x080001a5   Thumb Code     0  libinit.o(.ARM.Collect$$libinit$$00000000)
    __rt_lib_init_alloca_1                   0x080001a7   Thumb Code     0  libinit2.o(.ARM.Collect$$libinit$$0000002E)
    __rt_lib_init_argv_1                     0x080001a7   Thumb Code     0  libinit2.o(.ARM.Collect$$libinit$$0000002C)
    __rt_lib_init_atexit_1                   0x080001a7   Thumb Code     0  libinit2.o(.ARM.Collect$$libinit$$0000001B)
    __rt_lib_init_clock_1                    0x080001a7   Thumb Code     0  libinit2.o(.ARM.Collect$$libinit$$00000021)
    __rt_lib_init_cpp_1                      0x080001a7   Thumb Code     0  libinit2.o(.ARM.Collect$$libinit$$00000032)
    __rt_lib_init_exceptions_1               0x080001a7   Thumb Code     0  libinit2.o(.ARM.Collect$$libinit$$00000030)
    __rt_lib_init_fp_1                       0x080001a7   Thumb Code     0  libinit2.o(.ARM.Collect$$libinit$$00000002)
    __rt_lib_init_fp_trap_1                  0x080001a7   Thumb Code     0  libinit2.o(.ARM.Collect$$libinit$$0000001F)
    __rt_lib_init_getenv_1                   0x080001a7   Thumb Code     0  libinit2.o(.ARM.Collect$$libinit$$00000023)
    __rt_lib_init_heap_1                     0x080001a7   Thumb Code     0  libinit2.o(.ARM.Collect$$libinit$$0000000A)
    __rt_lib_init_lc_collate_1               0x080001a7   Thumb Code     0  libinit2.o(.ARM.Collect$$libinit$$00000011)
    __rt_lib_init_lc_ctype_1                 0x080001a7   Thumb Code     0  libinit2.o(.ARM.Collect$$libinit$$00000013)
    __rt_lib_init_lc_monetary_1              0x080001a7   Thumb Code     0  libinit2.o(.ARM.Collect$$libinit$$00000015)
    __rt_lib_init_lc_numeric_1               0x080001a7   Thumb Code     0  libinit2.o(.ARM.Collect$$libinit$$00000017)
    __rt_lib_init_lc_time_1                  0x080001a7   Thumb Code     0  libinit2.o(.ARM.Collect$$libinit$$00000019)
    __rt_lib_init_preinit_1                  0x080001a7   Thumb Code     0  libinit2.o(.ARM.Collect$$libinit$$00000004)
    __rt_lib_init_rand_1                     0x080001a7   Thumb Code     0  libinit2.o(.ARM.Collect$$libinit$$0000000E)
    __rt_lib_init_return                     0x080001a7   Thumb Code     0  libinit2.o(.ARM.Collect$$libinit$$00000033)
    __rt_lib_init_signal_1                   0x080001a7   Thumb Code     0  libinit2.o(.ARM.Collect$$libinit$$0000001D)
    __rt_lib_init_stdio_1                    0x080001a7   Thumb Code     0  libinit2.o(.ARM.Collect$$libinit$$00000025)
    __rt_lib_init_user_alloc_1               0x080001a7   Thumb Code     0  libinit2.o(.ARM.Collect$$libinit$$0000000C)
    __rt_lib_shutdown                        0x080001a9   Thumb Code     0  libshutdown.o(.ARM.Collect$$libshutdown$$00000000)
    __rt_lib_shutdown_cpp_1                  0x080001ab   Thumb Code     0  libshutdown2.o(.ARM.Collect$$libshutdown$$00000002)
    __rt_lib_shutdown_fp_trap_1              0x080001ab   Thumb Code     0  libshutdown2.o(.ARM.Collect$$libshutdown$$00000007)
    __rt_lib_shutdown_heap_1                 0x080001ab   Thumb Code     0  libshutdown2.o(.ARM.Collect$$libshutdown$$0000000F)
    __rt_lib_shutdown_return                 0x080001ab   Thumb Code     0  libshutdown2.o(.ARM.Collect$$libshutdown$$00000010)
    __rt_lib_shutdown_signal_1               0x080001ab   Thumb Code     0  libshutdown2.o(.ARM.Collect$$libshutdown$$0000000A)
    __rt_lib_shutdown_stdio_1                0x080001ab   Thumb Code     0  libshutdown2.o(.ARM.Collect$$libshutdown$$00000004)
    __rt_lib_shutdown_user_alloc_1           0x080001ab   Thumb Code     0  libshutdown2.o(.ARM.Collect$$libshutdown$$0000000C)
    __rt_entry                               0x080001ad   Thumb Code     0  __rtentry.o(.ARM.Collect$$rtentry$$00000000)
    __rt_entry_presh_1                       0x080001ad   Thumb Code     0  __rtentry2.o(.ARM.Collect$$rtentry$$00000002)
    __rt_entry_sh                            0x080001ad   Thumb Code     0  __rtentry4.o(.ARM.Collect$$rtentry$$00000004)
    __rt_entry_li                            0x080001b3   Thumb Code     0  __rtentry2.o(.ARM.Collect$$rtentry$$0000000A)
    __rt_entry_postsh_1                      0x080001b3   Thumb Code     0  __rtentry2.o(.ARM.Collect$$rtentry$$00000009)
    __rt_entry_main                          0x080001b7   Thumb Code     0  __rtentry2.o(.ARM.Collect$$rtentry$$0000000D)
    __rt_entry_postli_1                      0x080001b7   Thumb Code     0  __rtentry2.o(.ARM.Collect$$rtentry$$0000000C)
    __rt_exit                                0x080001bf   Thumb Code     0  rtexit.o(.ARM.Collect$$rtexit$$00000000)
    __rt_exit_ls                             0x080001c1   Thumb Code     0  rtexit2.o(.ARM.Collect$$rtexit$$00000003)
    __rt_exit_prels_1                        0x080001c1   Thumb Code     0  rtexit2.o(.ARM.Collect$$rtexit$$00000002)
    __rt_exit_exit                           0x080001c5   Thumb Code     0  rtexit2.o(.ARM.Collect$$rtexit$$00000004)
    Reset_Handler                            0x080001cd   Thumb Code     8  startup_stm32f10x_hd.o(.text)
    NMI_Handler                              0x080001d5   Thumb Code     2  startup_stm32f10x_hd.o(.text)
    HardFault_Handler                        0x080001d7   Thumb Code     2  startup_stm32f10x_hd.o(.text)
    MemManage_Handler                        0x080001d9   Thumb Code     2  startup_stm32f10x_hd.o(.text)
    BusFault_Handler                         0x080001db   Thumb Code     2  startup_stm32f10x_hd.o(.text)
    UsageFault_Handler                       0x080001dd   Thumb Code     2  startup_stm32f10x_hd.o(.text)
    SVC_Handler                              0x080001df   Thumb Code     2  startup_stm32f10x_hd.o(.text)
    DebugMon_Handler                         0x080001e1   Thumb Code     2  startup_stm32f10x_hd.o(.text)
    PendSV_Handler                           0x080001e3   Thumb Code     2  startup_stm32f10x_hd.o(.text)
    ADC1_2_IRQHandler                        0x080001e7   Thumb Code     0  startup_stm32f10x_hd.o(.text)
    ADC3_IRQHandler                          0x080001e7   Thumb Code     0  startup_stm32f10x_hd.o(.text)
    DMA1_Channel1_IRQHandler                 0x080001e7   Thumb Code     0  startup_stm32f10x_hd.o(.text)
    DMA1_Channel2_IRQHandler                 0x080001e7   Thumb Code     0  startup_stm32f10x_hd.o(.text)
    DMA1_Channel3_IRQHandler                 0x080001e7   Thumb Code     0  startup_stm32f10x_hd.o(.text)
    DMA1_Channel4_IRQHandler                 0x080001e7   Thumb Code     0  startup_stm32f10x_hd.o(.text)
    DMA1_Channel5_IRQHandler                 0x080001e7   Thumb Code     0  startup_stm32f10x_hd.o(.text)
    DMA1_Channel6_IRQHandler                 0x080001e7   Thumb Code     0  startup_stm32f10x_hd.o(.text)
    DMA1_Channel7_IRQHandler                 0x080001e7   Thumb Code     0  startup_stm32f10x_hd.o(.text)
    DMA2_Channel1_IRQHandler                 0x080001e7   Thumb Code     0  startup_stm32f10x_hd.o(.text)
    DMA2_Channel2_IRQHandler                 0x080001e7   Thumb Code     0  startup_stm32f10x_hd.o(.text)
    DMA2_Channel3_IRQHandler                 0x080001e7   Thumb Code     0  startup_stm32f10x_hd.o(.text)
    DMA2_Channel4_5_IRQHandler               0x080001e7   Thumb Code     0  startup_stm32f10x_hd.o(.text)
    RTCAlarm_IRQHandler                      0x080001e7   Thumb Code     0  startup_stm32f10x_hd.o(.text)
    RTC_IRQHandler                           0x080001e7   Thumb Code     0  startup_stm32f10x_hd.o(.text)
    TAMPER_IRQHandler                        0x080001e7   Thumb Code     0  startup_stm32f10x_hd.o(.text)
    TIM1_BRK_IRQHandler                      0x080001e7   Thumb Code     0  startup_stm32f10x_hd.o(.text)
    TIM1_TRG_COM_IRQHandler                  0x080001e7   Thumb Code     0  startup_stm32f10x_hd.o(.text)
    TIM1_UP_IRQHandler                       0x080001e7   Thumb Code     0  startup_stm32f10x_hd.o(.text)
    TIM6_IRQHandler                          0x080001e7   Thumb Code     0  startup_stm32f10x_hd.o(.text)
    TIM8_BRK_IRQHandler                      0x080001e7   Thumb Code     0  startup_stm32f10x_hd.o(.text)
    TIM8_TRG_COM_IRQHandler                  0x080001e7   Thumb Code     0  startup_stm32f10x_hd.o(.text)
    TIM8_UP_IRQHandler                       0x080001e7   Thumb Code     0  startup_stm32f10x_hd.o(.text)
    USBWakeUp_IRQHandler                     0x080001e7   Thumb Code     0  startup_stm32f10x_hd.o(.text)
    USB_HP_CAN1_TX_IRQHandler                0x080001e7   Thumb Code     0  startup_stm32f10x_hd.o(.text)
    USB_LP_CAN1_RX0_IRQHandler               0x080001e7   Thumb Code     0  startup_stm32f10x_hd.o(.text)
    __user_initial_stackheap                 0x080001e9   Thumb Code     0  startup_stm32f10x_hd.o(.text)
    __2printf                                0x0800020d   Thumb Code    20  noretval__2printf.o(.text)
    __use_two_region_memory                  0x08000225   Thumb Code     2  heapauxi.o(.text)
    __rt_heap_escrow                         0x08000227   Thumb Code     2  heapauxi.o(.text)
    __rt_heap_expand                         0x08000229   Thumb Code     2  heapauxi.o(.text)
    _printf_char_file                        0x0800022d   Thumb Code    32  _printf_char_file.o(.text)
    __user_libspace                          0x08000251   Thumb Code     8  libspace.o(.text)
    __user_perproc_libspace                  0x08000251   Thumb Code     0  libspace.o(.text)
    __user_perthread_libspace                0x08000251   Thumb Code     0  libspace.o(.text)
    _printf_char_common                      0x08000263   Thumb Code    32  _printf_char_common.o(.text)
    ferror                                   0x08000289   Thumb Code     8  ferror.o(.text)
    __I$use$semihosting                      0x08000291   Thumb Code     0  use_no_semi.o(.text)
    __use_no_semihosting_swi                 0x08000291   Thumb Code     2  use_no_semi.o(.text)
    __semihosting_library_function           0x08000293   Thumb Code     0  indicate_semi.o(.text)
    __user_setup_stackheap                   0x08000293   Thumb Code    74  sys_stackheap_outer.o(.text)
    __printf                                 0x080002dd   Thumb Code    40  __printf_nopercent.o(.text)
    exit                                     0x08000305   Thumb Code    18  exit.o(.text)
    _sys_exit                                0x08000319   Thumb Code     8  sys_exit.o(.text)
    CAN1_RX1_IRQHandler                      0x0800039d   Thumb Code    10  gec_int.o(i.CAN1_RX1_IRQHandler)
    CAN1_SCE_IRQHandler                      0x080003a7   Thumb Code    10  gec_int.o(i.CAN1_SCE_IRQHandler)
    EXTI0_IRQHandler                         0x0800041d   Thumb Code    10  gec_int.o(i.EXTI0_IRQHandler)
    EXTI15_10_IRQHandler                     0x08000427   Thumb Code    10  gec_int.o(i.EXTI15_10_IRQHandler)
    EXTI1_IRQHandler                         0x08000431   Thumb Code    10  gec_int.o(i.EXTI1_IRQHandler)
    EXTI2_IRQHandler                         0x0800043b   Thumb Code    10  gec_int.o(i.EXTI2_IRQHandler)
    EXTI3_IRQHandler                         0x08000445   Thumb Code    10  gec_int.o(i.EXTI3_IRQHandler)
    EXTI4_IRQHandler                         0x0800044f   Thumb Code    10  gec_int.o(i.EXTI4_IRQHandler)
    EXTI9_5_IRQHandler                       0x08000459   Thumb Code    10  gec_int.o(i.EXTI9_5_IRQHandler)
    EXTI_Init                                0x08000465   Thumb Code   142  stm32f10x_exti.o(i.EXTI_Init)
    FLASH_IRQHandler                         0x080004f9   Thumb Code    10  gec_int.o(i.FLASH_IRQHandler)
    FSMC_IRQHandler                          0x08000503   Thumb Code    10  gec_int.o(i.FSMC_IRQHandler)
    FSUS_CalcChecksum                        0x0800050d   Thumb Code    50  fashion_star_uart_servo.o(i.FSUS_CalcChecksum)
    FSUS_Package2RingBuffer                  0x0800053f   Thumb Code    58  fashion_star_uart_servo.o(i.FSUS_Package2RingBuffer)
    FSUS_Ping                                0x08000579   Thumb Code    52  fashion_star_uart_servo.o(i.FSUS_Ping)
    FSUS_QueryServoAngle                     0x080005ad   Thumb Code   104  fashion_star_uart_servo.o(i.FSUS_QueryServoAngle)
    FSUS_QueryServoAngleMTurn                0x08000619   Thumb Code   116  fashion_star_uart_servo.o(i.FSUS_QueryServoAngleMTurn)
    FSUS_RecvPackage                         0x08000691   Thumb Code   308  fashion_star_uart_servo.o(i.FSUS_RecvPackage)
    FSUS_SendPackage                         0x080007c5   Thumb Code    70  fashion_star_uart_servo.o(i.FSUS_SendPackage)
    FSUS_SetServoAngle                       0x0800080d   Thumb Code   150  fashion_star_uart_servo.o(i.FSUS_SetServoAngle)
    FSUS_Wait                                0x080008b1   Thumb Code    98  fashion_star_uart_servo.o(i.FSUS_Wait)
    GPIO_EXTILineConfig                      0x08000915   Thumb Code    60  stm32f10x_gpio.o(i.GPIO_EXTILineConfig)
    GPIO_Init                                0x08000955   Thumb Code   278  stm32f10x_gpio.o(i.GPIO_Init)
    GPIO_PinRemapConfig                      0x08000a6d   Thumb Code   138  stm32f10x_gpio.o(i.GPIO_PinRemapConfig)
    GPIO_WriteBit                            0x08000afd   Thumb Code    10  stm32f10x_gpio.o(i.GPIO_WriteBit)
    Gec_GPIO_Init                            0x08000b09   Thumb Code   204  gec_gpio.o(i.Gec_GPIO_Init)
    Gec_GPIO_Set_Value                       0x08000be1   Thumb Code    28  gec_gpio.o(i.Gec_GPIO_Set_Value)
    Gec_IntHandler                           0x08000bfd   Thumb Code    24  gec_int.o(i.Gec_IntHandler)
    Gec_Int_Disable                          0x08000c21   Thumb Code    26  gec_int.o(i.Gec_Int_Disable)
    Gec_Int_Enable                           0x08000c41   Thumb Code    28  gec_int.o(i.Gec_Int_Enable)
    Gec_Int_Init                             0x08000c5d   Thumb Code    82  gec_int.o(i.Gec_Int_Init)
    Gec_Int_Register                         0x08000cbd   Thumb Code    12  gec_int.o(i.Gec_Int_Register)
    Gec_Lib_Init                             0x08000ccd   Thumb Code    12  gec_init.o(i.Gec_Lib_Init)
    Gec_Timer_Init                           0x08000cd9   Thumb Code    40  gec_time.o(i.Gec_Timer_Init)
    Gec_UART_Init                            0x08000d09   Thumb Code   326  gec_uart.o(i.Gec_UART_Init)
    Gec_UART_Read                            0x08000e65   Thumb Code    70  gec_uart.o(i.Gec_UART_Read)
    Hardware_Timer_IRQHandler                0x08000ecd   Thumb Code   114  gec_time.o(i.Hardware_Timer_IRQHandler)
    Hardware_Timer_Init                      0x08000f4d   Thumb Code    78  gec_time.o(i.Hardware_Timer_Init)
    I2C1_ER_IRQHandler                       0x08000fa5   Thumb Code    10  gec_int.o(i.I2C1_ER_IRQHandler)
    I2C1_EV_IRQHandler                       0x08000faf   Thumb Code    10  gec_int.o(i.I2C1_EV_IRQHandler)
    I2C2_ER_IRQHandler                       0x08000fb9   Thumb Code    10  gec_int.o(i.I2C2_ER_IRQHandler)
    I2C2_EV_IRQHandler                       0x08000fc3   Thumb Code    10  gec_int.o(i.I2C2_EV_IRQHandler)
    NVIC_PriorityGroupConfig                 0x08000fcd   Thumb Code    10  misc.o(i.NVIC_PriorityGroupConfig)
    PVD_IRQHandler                           0x08001009   Thumb Code    10  gec_int.o(i.PVD_IRQHandler)
    RCC_APB1PeriphClockCmd                   0x08001015   Thumb Code    26  stm32f10x_rcc.o(i.RCC_APB1PeriphClockCmd)
    RCC_APB2PeriphClockCmd                   0x08001035   Thumb Code    26  stm32f10x_rcc.o(i.RCC_APB2PeriphClockCmd)
    RCC_GetClocksFreq                        0x08001055   Thumb Code   192  stm32f10x_rcc.o(i.RCC_GetClocksFreq)
    RCC_IRQHandler                           0x08001129   Thumb Code    10  gec_int.o(i.RCC_IRQHandler)
    RingBuffer_GetByteFree                   0x08001133   Thumb Code    24  ring_buffer.o(i.RingBuffer_GetByteFree)
    RingBuffer_GetByteUsed                   0x0800114b   Thumb Code    42  ring_buffer.o(i.RingBuffer_GetByteUsed)
    RingBuffer_GetCapacity                   0x08001175   Thumb Code    10  ring_buffer.o(i.RingBuffer_GetCapacity)
    RingBuffer_GetChecksum                   0x0800117f   Thumb Code    42  ring_buffer.o(i.RingBuffer_GetChecksum)
    RingBuffer_GetValueByIndex               0x080011a9   Thumb Code    44  ring_buffer.o(i.RingBuffer_GetValueByIndex)
    RingBuffer_Init                          0x080011d5   Thumb Code    40  ring_buffer.o(i.RingBuffer_Init)
    RingBuffer_IsEmpty                       0x080011fd   Thumb Code    30  ring_buffer.o(i.RingBuffer_IsEmpty)
    RingBuffer_IsFull                        0x0800121b   Thumb Code    20  ring_buffer.o(i.RingBuffer_IsFull)
    RingBuffer_Pop                           0x0800122f   Thumb Code    50  ring_buffer.o(i.RingBuffer_Pop)
    RingBuffer_Push                          0x08001261   Thumb Code    44  ring_buffer.o(i.RingBuffer_Push)
    RingBuffer_ReadByte                      0x0800128d   Thumb Code    12  ring_buffer.o(i.RingBuffer_ReadByte)
    RingBuffer_WriteByte                     0x08001299   Thumb Code    16  ring_buffer.o(i.RingBuffer_WriteByte)
    RingBuffer_WriteByteArray                0x080012a9   Thumb Code    32  ring_buffer.o(i.RingBuffer_WriteByteArray)
    RingBuffer_WriteShort                    0x080012c9   Thumb Code    18  ring_buffer.o(i.RingBuffer_WriteShort)
    RingBuffer_WriteUShort                   0x080012db   Thumb Code    18  ring_buffer.o(i.RingBuffer_WriteUShort)
    SDIO_IRQHandler                          0x080012ed   Thumb Code    10  gec_int.o(i.SDIO_IRQHandler)
    SPI1_IRQHandler                          0x080012f7   Thumb Code    10  gec_int.o(i.SPI1_IRQHandler)
    SPI2_IRQHandler                          0x08001301   Thumb Code    10  gec_int.o(i.SPI2_IRQHandler)
    SPI3_IRQHandler                          0x0800130b   Thumb Code    10  gec_int.o(i.SPI3_IRQHandler)
    Set_led_stata                            0x080013fd   Thumb Code    48  key_and_led.o(i.Set_led_stata)
    SysTick_Handler                          0x08001465   Thumb Code    18  gec_time.o(i.SysTick_Handler)
    SystemInit                               0x0800147d   Thumb Code    78  system_stm32f10x.o(i.SystemInit)
    TIM1_CC_IRQHandler                       0x080014dd   Thumb Code    10  gec_int.o(i.TIM1_CC_IRQHandler)
    TIM2_IRQHandler                          0x080014e7   Thumb Code    10  gec_int.o(i.TIM2_IRQHandler)
    TIM3_IRQHandler                          0x080014f1   Thumb Code    10  gec_int.o(i.TIM3_IRQHandler)
    TIM4_IRQHandler                          0x080014fb   Thumb Code    10  gec_int.o(i.TIM4_IRQHandler)
    TIM5_IRQHandler                          0x08001505   Thumb Code    10  gec_int.o(i.TIM5_IRQHandler)
    TIM7_IRQHandler                          0x0800150f   Thumb Code    10  gec_int.o(i.TIM7_IRQHandler)
    TIM8_CC_IRQHandler                       0x08001519   Thumb Code    10  gec_int.o(i.TIM8_CC_IRQHandler)
    TIM_ARRPreloadConfig                     0x08001523   Thumb Code    24  stm32f10x_tim.o(i.TIM_ARRPreloadConfig)
    TIM_ClearITPendingBit                    0x0800153b   Thumb Code     6  stm32f10x_tim.o(i.TIM_ClearITPendingBit)
    TIM_Cmd                                  0x08001541   Thumb Code    24  stm32f10x_tim.o(i.TIM_Cmd)
    TIM_GetITStatus                          0x08001559   Thumb Code    34  stm32f10x_tim.o(i.TIM_GetITStatus)
    TIM_ITConfig                             0x0800157b   Thumb Code    18  stm32f10x_tim.o(i.TIM_ITConfig)
    TIM_TimeBaseInit                         0x0800158d   Thumb Code   122  stm32f10x_tim.o(i.TIM_TimeBaseInit)
    UART4_IRQHandler                         0x08001631   Thumb Code    10  gec_int.o(i.UART4_IRQHandler)
    UART5_IRQHandler                         0x0800163b   Thumb Code    10  gec_int.o(i.UART5_IRQHandler)
    USART1_IRQHandler                        0x08001645   Thumb Code    10  gec_int.o(i.USART1_IRQHandler)
    USART2_IRQHandler                        0x0800164f   Thumb Code    10  gec_int.o(i.USART2_IRQHandler)
    USART3_IRQHandler                        0x08001659   Thumb Code    10  gec_int.o(i.USART3_IRQHandler)
    USART_Cmd                                0x08001663   Thumb Code    24  stm32f10x_usart.o(i.USART_Cmd)
    USART_GetFlagStatus                      0x0800167b   Thumb Code    26  stm32f10x_usart.o(i.USART_GetFlagStatus)
    USART_GetITStatus                        0x08001695   Thumb Code    84  stm32f10x_usart.o(i.USART_GetITStatus)
    USART_ITConfig                           0x080016e9   Thumb Code    74  stm32f10x_usart.o(i.USART_ITConfig)
    USART_Init                               0x08001735   Thumb Code   210  stm32f10x_usart.o(i.USART_Init)
    USART_ReceiveData                        0x0800180d   Thumb Code    10  stm32f10x_usart.o(i.USART_ReceiveData)
    USART_SendData                           0x08001817   Thumb Code     8  stm32f10x_usart.o(i.USART_SendData)
    Usart_SendAll                            0x0800181f   Thumb Code    48  uart.o(i.Usart_SendAll)
    WWDG_IRQHandler                          0x0800184f   Thumb Code    10  gec_int.o(i.WWDG_IRQHandler)
    check_servo_connect                      0x08001859   Thumb Code    58  show_servo_contorl.o(i.check_servo_connect)
    fputc                                    0x08001899   Thumb Code    32  gec_uart.o(i.fputc)
    key_and_led_init                         0x08001ae5   Thumb Code    84  key_and_led.o(i.key_and_led_init)
    main                                     0x08001b3d   Thumb Code    38  main.o(i.main)
    mdelay                                   0x08001b65   Thumb Code    62  gec_time.o(i.mdelay)
    uart2_init                               0x08001bad   Thumb Code    76  uart.o(i.uart2_init)
    uart2_isr                                0x08001c15   Thumb Code    36  uart.o(i.uart2_isr)
    uart_init                                0x08001c41   Thumb Code    36  exit.o(i.uart_init)
    uart_int_do                              0x08001c6d   Thumb Code   974  exit.o(i.uart_int_do)
    __aeabi_d2f                              0x080020a1   Thumb Code     0  d2f.o(x$fpl$d2f)
    _d2f                                     0x080020a1   Thumb Code    98  d2f.o(x$fpl$d2f)
    __aeabi_ddiv                             0x08002105   Thumb Code     0  ddiv.o(x$fpl$ddiv)
    _ddiv                                    0x08002105   Thumb Code   552  ddiv.o(x$fpl$ddiv)
    __aeabi_i2d                              0x080023b5   Thumb Code     0  dflt_clz.o(x$fpl$dflt)
    _dflt                                    0x080023b5   Thumb Code    46  dflt_clz.o(x$fpl$dflt)
    __fpl_dnaninf                            0x080023e3   Thumb Code   156  dnaninf.o(x$fpl$dnaninf)
    __fpl_dretinf                            0x0800247f   Thumb Code    12  dretinf.o(x$fpl$dretinf)
    __aeabi_fadd                             0x0800248d   Thumb Code     0  faddsub_clz.o(x$fpl$fadd)
    _fadd                                    0x0800248d   Thumb Code   196  faddsub_clz.o(x$fpl$fadd)
    __fpl_fcmp_Inf                           0x08002551   Thumb Code    24  fcmpi.o(x$fpl$fcmpinf)
    __aeabi_f2iz                             0x08002569   Thumb Code     0  ffix.o(x$fpl$ffix)
    _ffix                                    0x08002569   Thumb Code    54  ffix.o(x$fpl$ffix)
    __aeabi_cfcmple                          0x080025a1   Thumb Code     0  fleqf.o(x$fpl$fleqf)
    _fcmple                                  0x080025a1   Thumb Code   104  fleqf.o(x$fpl$fleqf)
    __fpl_fcmple_InfNaN                      0x080025f3   Thumb Code     0  fleqf.o(x$fpl$fleqf)
    __aeabi_fmul                             0x08002609   Thumb Code     0  fmul.o(x$fpl$fmul)
    _fmul                                    0x08002609   Thumb Code   258  fmul.o(x$fpl$fmul)
    __fpl_fnaninf                            0x0800270b   Thumb Code   140  fnaninf.o(x$fpl$fnaninf)
    __fpl_fretinf                            0x08002797   Thumb Code    10  fretinf.o(x$fpl$fretinf)
    __aeabi_cfrcmple                         0x080027a1   Thumb Code     0  frleqf.o(x$fpl$frleqf)
    _frcmple                                 0x080027a1   Thumb Code    98  frleqf.o(x$fpl$frleqf)
    __aeabi_fsub                             0x08002805   Thumb Code     0  faddsub_clz.o(x$fpl$fsub)
    _fsub                                    0x08002805   Thumb Code   234  faddsub_clz.o(x$fpl$fsub)
    __I$use$fp                               0x080028ee   Number         0  usenofp.o(x$fpl$usenofp)
    Region$$Table$$Base                      0x080028f0   Number         0  anon$$obj.o(Region$$Table)
    Region$$Table$$Limit                     0x08002910   Number         0  anon$$obj.o(Region$$Table)
    SystemCoreClock                          0x20000014   Data           4  system_stm32f10x.o(.data)
    AHBPrescTable                            0x20000018   Data          16  system_stm32f10x.o(.data)
    __stdout                                 0x20000034   Data           4  gec_uart.o(.data)
    usart1SendBuf                            0x2000003c   Data         501  uart.o(.bss)
    usart1RecvBuf                            0x20000231   Data         501  uart.o(.bss)
    usart1SendRingBuf                        0x20000428   Data          12  uart.o(.bss)
    usart1RecvRingBuf                        0x20000434   Data          12  uart.o(.bss)
    usart1                                   0x20000440   Data          12  uart.o(.bss)
    usart2SendBuf                            0x2000044c   Data         501  uart.o(.bss)
    usart2RecvBuf                            0x20000641   Data         501  uart.o(.bss)
    usart2SendRingBuf                        0x20000838   Data          12  uart.o(.bss)
    usart2RecvRingBuf                        0x20000844   Data          12  uart.o(.bss)
    usart2                                   0x20000850   Data          12  uart.o(.bss)
    Gec_IntVectTbl                           0x2000085c   Data         364  gec_int.o(.bss)
    __libspace_start                         0x20000bac   Data          96  libspace.o(.bss)
    __temporary_stack_top$libspace           0x20000c0c   Data           0  libspace.o(.bss)



==============================================================================

Memory Map of the image

  Image Entry point : 0x08000131

  Load Region LR_IROM1 (Base: 0x08000000, Size: 0x0000294c, Max: 0x00040000, ABSOLUTE)

    Execution Region ER_IROM1 (Exec base: 0x08000000, Load base: 0x08000000, Size: 0x00002910, Max: 0x00040000, ABSOLUTE)

    Exec Addr    Load Addr    Size         Type   Attr      Idx    E Section Name        Object

    0x08000000   0x08000000   0x00000130   Data   RO           19    RESET               startup_stm32f10x_hd.o
    0x08000130   0x08000130   0x00000008   Code   RO         4542  * !!!main             c_w.l(__main.o)
    0x08000138   0x08000138   0x00000034   Code   RO         4798    !!!scatter          c_w.l(__scatter.o)
    0x0800016c   0x0800016c   0x0000001a   Code   RO         4800    !!handler_copy      c_w.l(__scatter_copy.o)
    0x08000186   0x08000186   0x00000002   PAD
    0x08000188   0x08000188   0x0000001c   Code   RO         4802    !!handler_zi        c_w.l(__scatter_zi.o)
    0x080001a4   0x080001a4   0x00000002   Code   RO         4737    .ARM.Collect$$libinit$$00000000  c_w.l(libinit.o)
    0x080001a6   0x080001a6   0x00000000   Code   RO         4611    .ARM.Collect$$libinit$$00000002  c_w.l(libinit2.o)
    0x080001a6   0x080001a6   0x00000000   Code   RO         4613    .ARM.Collect$$libinit$$00000004  c_w.l(libinit2.o)
    0x080001a6   0x080001a6   0x00000000   Code   RO         4616    .ARM.Collect$$libinit$$0000000A  c_w.l(libinit2.o)
    0x080001a6   0x080001a6   0x00000000   Code   RO         4618    .ARM.Collect$$libinit$$0000000C  c_w.l(libinit2.o)
    0x080001a6   0x080001a6   0x00000000   Code   RO         4620    .ARM.Collect$$libinit$$0000000E  c_w.l(libinit2.o)
    0x080001a6   0x080001a6   0x00000000   Code   RO         4623    .ARM.Collect$$libinit$$00000011  c_w.l(libinit2.o)
    0x080001a6   0x080001a6   0x00000000   Code   RO         4625    .ARM.Collect$$libinit$$00000013  c_w.l(libinit2.o)
    0x080001a6   0x080001a6   0x00000000   Code   RO         4627    .ARM.Collect$$libinit$$00000015  c_w.l(libinit2.o)
    0x080001a6   0x080001a6   0x00000000   Code   RO         4629    .ARM.Collect$$libinit$$00000017  c_w.l(libinit2.o)
    0x080001a6   0x080001a6   0x00000000   Code   RO         4631    .ARM.Collect$$libinit$$00000019  c_w.l(libinit2.o)
    0x080001a6   0x080001a6   0x00000000   Code   RO         4633    .ARM.Collect$$libinit$$0000001B  c_w.l(libinit2.o)
    0x080001a6   0x080001a6   0x00000000   Code   RO         4635    .ARM.Collect$$libinit$$0000001D  c_w.l(libinit2.o)
    0x080001a6   0x080001a6   0x00000000   Code   RO         4637    .ARM.Collect$$libinit$$0000001F  c_w.l(libinit2.o)
    0x080001a6   0x080001a6   0x00000000   Code   RO         4639    .ARM.Collect$$libinit$$00000021  c_w.l(libinit2.o)
    0x080001a6   0x080001a6   0x00000000   Code   RO         4641    .ARM.Collect$$libinit$$00000023  c_w.l(libinit2.o)
    0x080001a6   0x080001a6   0x00000000   Code   RO         4643    .ARM.Collect$$libinit$$00000025  c_w.l(libinit2.o)
    0x080001a6   0x080001a6   0x00000000   Code   RO         4647    .ARM.Collect$$libinit$$0000002C  c_w.l(libinit2.o)
    0x080001a6   0x080001a6   0x00000000   Code   RO         4649    .ARM.Collect$$libinit$$0000002E  c_w.l(libinit2.o)
    0x080001a6   0x080001a6   0x00000000   Code   RO         4651    .ARM.Collect$$libinit$$00000030  c_w.l(libinit2.o)
    0x080001a6   0x080001a6   0x00000000   Code   RO         4653    .ARM.Collect$$libinit$$00000032  c_w.l(libinit2.o)
    0x080001a6   0x080001a6   0x00000002   Code   RO         4654    .ARM.Collect$$libinit$$00000033  c_w.l(libinit2.o)
    0x080001a8   0x080001a8   0x00000002   Code   RO         4795    .ARM.Collect$$libshutdown$$00000000  c_w.l(libshutdown.o)
    0x080001aa   0x080001aa   0x00000000   Code   RO         4751    .ARM.Collect$$libshutdown$$00000002  c_w.l(libshutdown2.o)
    0x080001aa   0x080001aa   0x00000000   Code   RO         4753    .ARM.Collect$$libshutdown$$00000004  c_w.l(libshutdown2.o)
    0x080001aa   0x080001aa   0x00000000   Code   RO         4756    .ARM.Collect$$libshutdown$$00000007  c_w.l(libshutdown2.o)
    0x080001aa   0x080001aa   0x00000000   Code   RO         4759    .ARM.Collect$$libshutdown$$0000000A  c_w.l(libshutdown2.o)
    0x080001aa   0x080001aa   0x00000000   Code   RO         4761    .ARM.Collect$$libshutdown$$0000000C  c_w.l(libshutdown2.o)
    0x080001aa   0x080001aa   0x00000000   Code   RO         4764    .ARM.Collect$$libshutdown$$0000000F  c_w.l(libshutdown2.o)
    0x080001aa   0x080001aa   0x00000002   Code   RO         4765    .ARM.Collect$$libshutdown$$00000010  c_w.l(libshutdown2.o)
    0x080001ac   0x080001ac   0x00000000   Code   RO         4578    .ARM.Collect$$rtentry$$00000000  c_w.l(__rtentry.o)
    0x080001ac   0x080001ac   0x00000000   Code   RO         4672    .ARM.Collect$$rtentry$$00000002  c_w.l(__rtentry2.o)
    0x080001ac   0x080001ac   0x00000006   Code   RO         4684    .ARM.Collect$$rtentry$$00000004  c_w.l(__rtentry4.o)
    0x080001b2   0x080001b2   0x00000000   Code   RO         4674    .ARM.Collect$$rtentry$$00000009  c_w.l(__rtentry2.o)
    0x080001b2   0x080001b2   0x00000004   Code   RO         4675    .ARM.Collect$$rtentry$$0000000A  c_w.l(__rtentry2.o)
    0x080001b6   0x080001b6   0x00000000   Code   RO         4677    .ARM.Collect$$rtentry$$0000000C  c_w.l(__rtentry2.o)
    0x080001b6   0x080001b6   0x00000008   Code   RO         4678    .ARM.Collect$$rtentry$$0000000D  c_w.l(__rtentry2.o)
    0x080001be   0x080001be   0x00000002   Code   RO         4740    .ARM.Collect$$rtexit$$00000000  c_w.l(rtexit.o)
    0x080001c0   0x080001c0   0x00000000   Code   RO         4769    .ARM.Collect$$rtexit$$00000002  c_w.l(rtexit2.o)
    0x080001c0   0x080001c0   0x00000004   Code   RO         4770    .ARM.Collect$$rtexit$$00000003  c_w.l(rtexit2.o)
    0x080001c4   0x080001c4   0x00000006   Code   RO         4771    .ARM.Collect$$rtexit$$00000004  c_w.l(rtexit2.o)
    0x080001ca   0x080001ca   0x00000002   PAD
    0x080001cc   0x080001cc   0x00000040   Code   RO           20    .text               startup_stm32f10x_hd.o
    0x0800020c   0x0800020c   0x00000018   Code   RO         4538    .text               c_w.l(noretval__2printf.o)
    0x08000224   0x08000224   0x00000006   Code   RO         4540    .text               c_w.l(heapauxi.o)
    0x0800022a   0x0800022a   0x00000002   PAD
    0x0800022c   0x0800022c   0x00000024   Code   RO         4604    .text               c_w.l(_printf_char_file.o)
    0x08000250   0x08000250   0x00000008   Code   RO         4668    .text               c_w.l(libspace.o)
    0x08000258   0x08000258   0x00000030   Code   RO         4694    .text               c_w.l(_printf_char_common.o)
    0x08000288   0x08000288   0x00000008   Code   RO         4696    .text               c_w.l(ferror.o)
    0x08000290   0x08000290   0x00000002   Code   RO         4711    .text               c_w.l(use_no_semi.o)
    0x08000292   0x08000292   0x00000000   Code   RO         4713    .text               c_w.l(indicate_semi.o)
    0x08000292   0x08000292   0x0000004a   Code   RO         4714    .text               c_w.l(sys_stackheap_outer.o)
    0x080002dc   0x080002dc   0x00000028   Code   RO         4720    .text               c_w.l(__printf_nopercent.o)
    0x08000304   0x08000304   0x00000012   Code   RO         4722    .text               c_w.l(exit.o)
    0x08000316   0x08000316   0x00000002   PAD
    0x08000318   0x08000318   0x0000000c   Code   RO         4738    .text               c_w.l(sys_exit.o)
    0x08000324   0x08000324   0x00000078   Code   RO         4133    i.Add_Timer         gec_time.o
    0x0800039c   0x0800039c   0x0000000a   Code   RO         3589    i.CAN1_RX1_IRQHandler  gec_int.o
    0x080003a6   0x080003a6   0x0000000a   Code   RO         3590    i.CAN1_SCE_IRQHandler  gec_int.o
    0x080003b0   0x080003b0   0x0000006c   Code   RO         4134    i.Del_Timeout_Timer  gec_time.o
    0x0800041c   0x0800041c   0x0000000a   Code   RO         3616    i.EXTI0_IRQHandler  gec_int.o
    0x08000426   0x08000426   0x0000000a   Code   RO         3617    i.EXTI15_10_IRQHandler  gec_int.o
    0x08000430   0x08000430   0x0000000a   Code   RO         3618    i.EXTI1_IRQHandler  gec_int.o
    0x0800043a   0x0800043a   0x0000000a   Code   RO         3619    i.EXTI2_IRQHandler  gec_int.o
    0x08000444   0x08000444   0x0000000a   Code   RO         3620    i.EXTI3_IRQHandler  gec_int.o
    0x0800044e   0x0800044e   0x0000000a   Code   RO         3621    i.EXTI4_IRQHandler  gec_int.o
    0x08000458   0x08000458   0x0000000a   Code   RO         3622    i.EXTI9_5_IRQHandler  gec_int.o
    0x08000462   0x08000462   0x00000002   PAD
    0x08000464   0x08000464   0x00000094   Code   RO          910    i.EXTI_Init         stm32f10x_exti.o
    0x080004f8   0x080004f8   0x0000000a   Code   RO         3623    i.FLASH_IRQHandler  gec_int.o
    0x08000502   0x08000502   0x0000000a   Code   RO         3625    i.FSMC_IRQHandler   gec_int.o
    0x0800050c   0x0800050c   0x00000032   Code   RO         3298    i.FSUS_CalcChecksum  fashion_star_uart_servo.o
    0x0800053e   0x0800053e   0x0000003a   Code   RO         3301    i.FSUS_Package2RingBuffer  fashion_star_uart_servo.o
    0x08000578   0x08000578   0x00000034   Code   RO         3302    i.FSUS_Ping         fashion_star_uart_servo.o
    0x080005ac   0x080005ac   0x0000006c   Code   RO         3303    i.FSUS_QueryServoAngle  fashion_star_uart_servo.o
    0x08000618   0x08000618   0x00000078   Code   RO         3304    i.FSUS_QueryServoAngleMTurn  fashion_star_uart_servo.o
    0x08000690   0x08000690   0x00000134   Code   RO         3306    i.FSUS_RecvPackage  fashion_star_uart_servo.o
    0x080007c4   0x080007c4   0x00000046   Code   RO         3309    i.FSUS_SendPackage  fashion_star_uart_servo.o
    0x0800080a   0x0800080a   0x00000002   PAD
    0x0800080c   0x0800080c   0x000000a4   Code   RO         3310    i.FSUS_SetServoAngle  fashion_star_uart_servo.o
    0x080008b0   0x080008b0   0x00000062   Code   RO         3316    i.FSUS_Wait         fashion_star_uart_servo.o
    0x08000912   0x08000912   0x00000002   PAD
    0x08000914   0x08000914   0x00000040   Code   RO         1255    i.GPIO_EXTILineConfig  stm32f10x_gpio.o
    0x08000954   0x08000954   0x00000116   Code   RO         1258    i.GPIO_Init         stm32f10x_gpio.o
    0x08000a6a   0x08000a6a   0x00000002   PAD
    0x08000a6c   0x08000a6c   0x00000090   Code   RO         1260    i.GPIO_PinRemapConfig  stm32f10x_gpio.o
    0x08000afc   0x08000afc   0x0000000a   Code   RO         1269    i.GPIO_WriteBit     stm32f10x_gpio.o
    0x08000b06   0x08000b06   0x00000002   PAD
    0x08000b08   0x08000b08   0x000000d8   Code   RO         3475    i.Gec_GPIO_Init     gec_gpio.o
    0x08000be0   0x08000be0   0x0000001c   Code   RO         3476    i.Gec_GPIO_Set_Value  gec_gpio.o
    0x08000bfc   0x08000bfc   0x00000020   Code   RO         3626    i.Gec_IntHandler    gec_int.o
    0x08000c1c   0x08000c1c   0x00000002   Code   RO         3627    i.Gec_IntHandler_Dummy  gec_int.o
    0x08000c1e   0x08000c1e   0x00000002   PAD
    0x08000c20   0x08000c20   0x00000020   Code   RO         3628    i.Gec_Int_Disable   gec_int.o
    0x08000c40   0x08000c40   0x0000001c   Code   RO         3629    i.Gec_Int_Enable    gec_int.o
    0x08000c5c   0x08000c5c   0x00000060   Code   RO         3630    i.Gec_Int_Init      gec_int.o
    0x08000cbc   0x08000cbc   0x00000010   Code   RO         3631    i.Gec_Int_Register  gec_int.o
    0x08000ccc   0x08000ccc   0x0000000c   Code   RO         3542    i.Gec_Lib_Init      gec_init.o
    0x08000cd8   0x08000cd8   0x00000030   Code   RO         4139    i.Gec_Timer_Init    gec_time.o
    0x08000d08   0x08000d08   0x0000015c   Code   RO         4252    i.Gec_UART_Init     gec_uart.o
    0x08000e64   0x08000e64   0x00000046   Code   RO         4253    i.Gec_UART_Read     gec_uart.o
    0x08000eaa   0x08000eaa   0x00000002   PAD
    0x08000eac   0x08000eac   0x00000010   Code   RO         4142    i.Hardware_Timer_Disable  gec_time.o
    0x08000ebc   0x08000ebc   0x00000010   Code   RO         4143    i.Hardware_Timer_Enable  gec_time.o
    0x08000ecc   0x08000ecc   0x00000080   Code   RO         4144    i.Hardware_Timer_IRQHandler  gec_time.o
    0x08000f4c   0x08000f4c   0x00000058   Code   RO         4145    i.Hardware_Timer_Init  gec_time.o
    0x08000fa4   0x08000fa4   0x0000000a   Code   RO         3634    i.I2C1_ER_IRQHandler  gec_int.o
    0x08000fae   0x08000fae   0x0000000a   Code   RO         3635    i.I2C1_EV_IRQHandler  gec_int.o
    0x08000fb8   0x08000fb8   0x0000000a   Code   RO         3636    i.I2C2_ER_IRQHandler  gec_int.o
    0x08000fc2   0x08000fc2   0x0000000a   Code   RO         3637    i.I2C2_EV_IRQHandler  gec_int.o
    0x08000fcc   0x08000fcc   0x00000014   Code   RO           25    i.NVIC_PriorityGroupConfig  misc.o
    0x08000fe0   0x08000fe0   0x00000028   Code   RO         4146    i.NVIC_SetPriority  gec_time.o
    0x08001008   0x08001008   0x0000000a   Code   RO         3646    i.PVD_IRQHandler    gec_int.o
    0x08001012   0x08001012   0x00000002   PAD
    0x08001014   0x08001014   0x00000020   Code   RO         1674    i.RCC_APB1PeriphClockCmd  stm32f10x_rcc.o
    0x08001034   0x08001034   0x00000020   Code   RO         1676    i.RCC_APB2PeriphClockCmd  stm32f10x_rcc.o
    0x08001054   0x08001054   0x000000d4   Code   RO         1684    i.RCC_GetClocksFreq  stm32f10x_rcc.o
    0x08001128   0x08001128   0x0000000a   Code   RO         3647    i.RCC_IRQHandler    gec_int.o
    0x08001132   0x08001132   0x00000018   Code   RO         3138    i.RingBuffer_GetByteFree  ring_buffer.o
    0x0800114a   0x0800114a   0x0000002a   Code   RO         3139    i.RingBuffer_GetByteUsed  ring_buffer.o
    0x08001174   0x08001174   0x0000000a   Code   RO         3140    i.RingBuffer_GetCapacity  ring_buffer.o
    0x0800117e   0x0800117e   0x0000002a   Code   RO         3141    i.RingBuffer_GetChecksum  ring_buffer.o
    0x080011a8   0x080011a8   0x0000002c   Code   RO         3142    i.RingBuffer_GetValueByIndex  ring_buffer.o
    0x080011d4   0x080011d4   0x00000028   Code   RO         3143    i.RingBuffer_Init   ring_buffer.o
    0x080011fc   0x080011fc   0x0000001e   Code   RO         3144    i.RingBuffer_IsEmpty  ring_buffer.o
    0x0800121a   0x0800121a   0x00000014   Code   RO         3145    i.RingBuffer_IsFull  ring_buffer.o
    0x0800122e   0x0800122e   0x00000032   Code   RO         3146    i.RingBuffer_Pop    ring_buffer.o
    0x08001260   0x08001260   0x0000002c   Code   RO         3147    i.RingBuffer_Push   ring_buffer.o
    0x0800128c   0x0800128c   0x0000000c   Code   RO         3148    i.RingBuffer_ReadByte  ring_buffer.o
    0x08001298   0x08001298   0x00000010   Code   RO         3156    i.RingBuffer_WriteByte  ring_buffer.o
    0x080012a8   0x080012a8   0x00000020   Code   RO         3157    i.RingBuffer_WriteByteArray  ring_buffer.o
    0x080012c8   0x080012c8   0x00000012   Code   RO         3160    i.RingBuffer_WriteShort  ring_buffer.o
    0x080012da   0x080012da   0x00000012   Code   RO         3162    i.RingBuffer_WriteUShort  ring_buffer.o
    0x080012ec   0x080012ec   0x0000000a   Code   RO         3650    i.SDIO_IRQHandler   gec_int.o
    0x080012f6   0x080012f6   0x0000000a   Code   RO         3651    i.SPI1_IRQHandler   gec_int.o
    0x08001300   0x08001300   0x0000000a   Code   RO         3652    i.SPI2_IRQHandler   gec_int.o
    0x0800130a   0x0800130a   0x0000000a   Code   RO         3653    i.SPI3_IRQHandler   gec_int.o
    0x08001314   0x08001314   0x00000008   Code   RO         3553    i.SetSysClock       system_stm32f10x.o
    0x0800131c   0x0800131c   0x000000e0   Code   RO         3554    i.SetSysClockTo72   system_stm32f10x.o
    0x080013fc   0x080013fc   0x00000034   Code   RO         4347    i.Set_led_stata     key_and_led.o
    0x08001430   0x08001430   0x00000034   Code   RO         4147    i.SysTick_Config    gec_time.o
    0x08001464   0x08001464   0x00000018   Code   RO         4148    i.SysTick_Handler   gec_time.o
    0x0800147c   0x0800147c   0x00000060   Code   RO         3556    i.SystemInit        system_stm32f10x.o
    0x080014dc   0x080014dc   0x0000000a   Code   RO         3656    i.TIM1_CC_IRQHandler  gec_int.o
    0x080014e6   0x080014e6   0x0000000a   Code   RO         3659    i.TIM2_IRQHandler   gec_int.o
    0x080014f0   0x080014f0   0x0000000a   Code   RO         3660    i.TIM3_IRQHandler   gec_int.o
    0x080014fa   0x080014fa   0x0000000a   Code   RO         3661    i.TIM4_IRQHandler   gec_int.o
    0x08001504   0x08001504   0x0000000a   Code   RO         3662    i.TIM5_IRQHandler   gec_int.o
    0x0800150e   0x0800150e   0x0000000a   Code   RO         3664    i.TIM7_IRQHandler   gec_int.o
    0x08001518   0x08001518   0x0000000a   Code   RO         3666    i.TIM8_CC_IRQHandler  gec_int.o
    0x08001522   0x08001522   0x00000018   Code   RO         2296    i.TIM_ARRPreloadConfig  stm32f10x_tim.o
    0x0800153a   0x0800153a   0x00000006   Code   RO         2303    i.TIM_ClearITPendingBit  stm32f10x_tim.o
    0x08001540   0x08001540   0x00000018   Code   RO         2308    i.TIM_Cmd           stm32f10x_tim.o
    0x08001558   0x08001558   0x00000022   Code   RO         2329    i.TIM_GetITStatus   stm32f10x_tim.o
    0x0800157a   0x0800157a   0x00000012   Code   RO         2333    i.TIM_ITConfig      stm32f10x_tim.o
    0x0800158c   0x0800158c   0x000000a4   Code   RO         2379    i.TIM_TimeBaseInit  stm32f10x_tim.o
    0x08001630   0x08001630   0x0000000a   Code   RO         3669    i.UART4_IRQHandler  gec_int.o
    0x0800163a   0x0800163a   0x0000000a   Code   RO         3670    i.UART5_IRQHandler  gec_int.o
    0x08001644   0x08001644   0x0000000a   Code   RO         3671    i.USART1_IRQHandler  gec_int.o
    0x0800164e   0x0800164e   0x0000000a   Code   RO         3672    i.USART2_IRQHandler  gec_int.o
    0x08001658   0x08001658   0x0000000a   Code   RO         3673    i.USART3_IRQHandler  gec_int.o
    0x08001662   0x08001662   0x00000018   Code   RO         2844    i.USART_Cmd         stm32f10x_usart.o
    0x0800167a   0x0800167a   0x0000001a   Code   RO         2847    i.USART_GetFlagStatus  stm32f10x_usart.o
    0x08001694   0x08001694   0x00000054   Code   RO         2848    i.USART_GetITStatus  stm32f10x_usart.o
    0x080016e8   0x080016e8   0x0000004a   Code   RO         2850    i.USART_ITConfig    stm32f10x_usart.o
    0x08001732   0x08001732   0x00000002   PAD
    0x08001734   0x08001734   0x000000d8   Code   RO         2851    i.USART_Init        stm32f10x_usart.o
    0x0800180c   0x0800180c   0x0000000a   Code   RO         2858    i.USART_ReceiveData  stm32f10x_usart.o
    0x08001816   0x08001816   0x00000008   Code   RO         2861    i.USART_SendData    stm32f10x_usart.o
    0x0800181e   0x0800181e   0x00000030   Code   RO         3074    i.Usart_SendAll     uart.o
    0x0800184e   0x0800184e   0x0000000a   Code   RO         3675    i.WWDG_IRQHandler   gec_int.o
    0x08001858   0x08001858   0x00000040   Code   RO         4420    i.check_servo_connect  show_servo_contorl.o
    0x08001898   0x08001898   0x00000024   Code   RO         4255    i.fputc             gec_uart.o
    0x080018bc   0x080018bc   0x00000022   Code   RO         3478    i.get_exti_trigger  gec_gpio.o
    0x080018de   0x080018de   0x00000002   PAD
    0x080018e0   0x080018e0   0x00000068   Code   RO         3479    i.get_gpio_clock_group  gec_gpio.o
    0x08001948   0x08001948   0x000000a8   Code   RO         3480    i.get_gpio_exti_pin  gec_gpio.o
    0x080019f0   0x080019f0   0x00000064   Code   RO         3481    i.get_gpio_exti_port  gec_gpio.o
    0x08001a54   0x08001a54   0x0000008e   Code   RO         3482    i.get_stm32gpiomode  gec_gpio.o
    0x08001ae2   0x08001ae2   0x00000002   PAD
    0x08001ae4   0x08001ae4   0x00000058   Code   RO         4349    i.key_and_led_init  key_and_led.o
    0x08001b3c   0x08001b3c   0x00000026   Code   RO         4318    i.main              main.o
    0x08001b62   0x08001b62   0x00000002   PAD
    0x08001b64   0x08001b64   0x00000048   Code   RO         4149    i.mdelay            gec_time.o
    0x08001bac   0x08001bac   0x00000068   Code   RO         3077    i.uart2_init        uart.o
    0x08001c14   0x08001c14   0x0000002c   Code   RO         3078    i.uart2_isr         uart.o
    0x08001c40   0x08001c40   0x0000002c   Code   RO         4449    i.uart_init         exit.o
    0x08001c6c   0x08001c6c   0x00000434   Code   RO         4450    i.uart_int_do       exit.o
    0x080020a0   0x080020a0   0x00000062   Code   RO         4544    x$fpl$d2f           fz_ws.l(d2f.o)
    0x08002102   0x08002102   0x00000002   PAD
    0x08002104   0x08002104   0x000002b0   Code   RO         4547    x$fpl$ddiv          fz_ws.l(ddiv.o)
    0x080023b4   0x080023b4   0x0000002e   Code   RO         4551    x$fpl$dflt          fz_ws.l(dflt_clz.o)
    0x080023e2   0x080023e2   0x0000009c   Code   RO         4655    x$fpl$dnaninf       fz_ws.l(dnaninf.o)
    0x0800247e   0x0800247e   0x0000000c   Code   RO         4657    x$fpl$dretinf       fz_ws.l(dretinf.o)
    0x0800248a   0x0800248a   0x00000002   PAD
    0x0800248c   0x0800248c   0x000000c4   Code   RO         4556    x$fpl$fadd          fz_ws.l(faddsub_clz.o)
    0x08002550   0x08002550   0x00000018   Code   RO         4659    x$fpl$fcmpinf       fz_ws.l(fcmpi.o)
    0x08002568   0x08002568   0x00000036   Code   RO         4562    x$fpl$ffix          fz_ws.l(ffix.o)
    0x0800259e   0x0800259e   0x00000002   PAD
    0x080025a0   0x080025a0   0x00000068   Code   RO         4570    x$fpl$fleqf         fz_ws.l(fleqf.o)
    0x08002608   0x08002608   0x00000102   Code   RO         4572    x$fpl$fmul          fz_ws.l(fmul.o)
    0x0800270a   0x0800270a   0x0000008c   Code   RO         4661    x$fpl$fnaninf       fz_ws.l(fnaninf.o)
    0x08002796   0x08002796   0x0000000a   Code   RO         4663    x$fpl$fretinf       fz_ws.l(fretinf.o)
    0x080027a0   0x080027a0   0x00000062   Code   RO         4574    x$fpl$frleqf        fz_ws.l(frleqf.o)
    0x08002802   0x08002802   0x00000002   PAD
    0x08002804   0x08002804   0x000000ea   Code   RO         4558    x$fpl$fsub          fz_ws.l(faddsub_clz.o)
    0x080028ee   0x080028ee   0x00000000   Code   RO         4665    x$fpl$usenofp       fz_ws.l(usenofp.o)
    0x080028ee   0x080028ee   0x00000002   PAD
    0x080028f0   0x080028f0   0x00000020   Data   RO         4796    Region$$Table       anon$$obj.o


    Execution Region RW_IRAM1 (Exec base: 0x20000000, Load base: 0x08002910, Size: 0x00001210, Max: 0x0000c000, ABSOLUTE)

    Exec Addr    Load Addr    Size         Type   Attr      Idx    E Section Name        Object

    0x20000000   0x08002910   0x00000014   Data   RW         1704    .data               stm32f10x_rcc.o
    0x20000014   0x08002924   0x00000014   Data   RW         3557    .data               system_stm32f10x.o
    0x20000028   0x08002938   0x0000000c   Data   RW         4152    .data               gec_time.o
    0x20000034   0x08002944   0x00000004   Data   RW         4256    .data               gec_uart.o
    0x20000038   0x08002948   0x00000004   Data   RW         4451    .data               exit.o
    0x2000003c        -       0x00000820   Zero   RW         3079    .bss                uart.o
    0x2000085c        -       0x0000016c   Zero   RW         3676    .bss                gec_int.o
    0x200009c8        -       0x000001e4   Zero   RW         4151    .bss                gec_time.o
    0x20000bac        -       0x00000060   Zero   RW         4669    .bss                c_w.l(libspace.o)
    0x20000c0c   0x0800294c   0x00000004   PAD
    0x20000c10        -       0x00000200   Zero   RW           18    HEAP                startup_stm32f10x_hd.o
    0x20000e10        -       0x00000400   Zero   RW           17    STACK               startup_stm32f10x_hd.o


==============================================================================

Image component sizes


      Code (inc. data)   RO Data    RW Data    ZI Data      Debug   Object Name

         0          0          0          0          0       4532   core_cm3.o
      1120        120          0          4          0       1494   exit.o
      1028         22          0          0          0      16699   fashion_star_uart_servo.o
       792         70          0          0          0       5581   gec_gpio.o
        12          0          0          0          0        467   gec_init.o
       546         32          0          0        364      35348   gec_int.o
       712         84          0         12        484       7458   gec_time.o
       454         26          0          4          0       4294   gec_uart.o
       140          8          0          0          0       1083   key_and_led.o
        38          0          0          0          0        475   main.o
        20         10          0          0          0     249343   misc.o
       442          0          0          0          0       9541   ring_buffer.o
        64          6          0          0          0        566   show_servo_contorl.o
        64         26        304          0       1536        812   startup_stm32f10x_hd.o
       148          6          0          0          0       1088   stm32f10x_exti.o
       496         10          0          0          0       4092   stm32f10x_gpio.o
       276         32          0         20          0       4534   stm32f10x_rcc.o
       270         42          0          0          0       4201   stm32f10x_tim.o
       442          6          0          0          0       6269   stm32f10x_usart.o
       328         28          0         20          0       2409   system_stm32f10x.o
       196         36          0          0       2080       6361   uart.o

    ----------------------------------------------------------------------
      7612        564        336         60       4464     366647   Object Totals
         0          0         32          0          0          0   (incl. Generated)
        24          0          0          0          0          0   (incl. Padding)

    ----------------------------------------------------------------------

      Code (inc. data)   RO Data    RW Data    ZI Data      Debug   Library Member Name

         8          0          0          0          0         68   __main.o
        40          0          0          0          0         84   __printf_nopercent.o
         0          0          0          0          0          0   __rtentry.o
        12          0          0          0          0          0   __rtentry2.o
         6          0          0          0          0          0   __rtentry4.o
        52          8          0          0          0          0   __scatter.o
        26          0          0          0          0          0   __scatter_copy.o
        28          0          0          0          0          0   __scatter_zi.o
        48          6          0          0          0         96   _printf_char_common.o
        36          4          0          0          0         80   _printf_char_file.o
        18          0          0          0          0         80   exit.o
         8          0          0          0          0         68   ferror.o
         6          0          0          0          0        152   heapauxi.o
         0          0          0          0          0          0   indicate_semi.o
         2          0          0          0          0          0   libinit.o
         2          0          0          0          0          0   libinit2.o
         2          0          0          0          0          0   libshutdown.o
         2          0          0          0          0          0   libshutdown2.o
         8          4          0          0         96         68   libspace.o
        24          4          0          0          0         84   noretval__2printf.o
         2          0          0          0          0          0   rtexit.o
        10          0          0          0          0          0   rtexit2.o
        12          4          0          0          0         68   sys_exit.o
        74          0          0          0          0         80   sys_stackheap_outer.o
         2          0          0          0          0         68   use_no_semi.o
        98          4          0          0          0         92   d2f.o
       688        140          0          0          0        208   ddiv.o
        46          0          0          0          0         68   dflt_clz.o
       156          4          0          0          0         92   dnaninf.o
        12          0          0          0          0         68   dretinf.o
       430          8          0          0          0        168   faddsub_clz.o
        24          0          0          0          0         68   fcmpi.o
        54          4          0          0          0         84   ffix.o
       104          4          0          0          0         84   fleqf.o
       258          4          0          0          0         84   fmul.o
       140          4          0          0          0         84   fnaninf.o
        10          0          0          0          0         68   fretinf.o
        98          0          0          0          0         68   frleqf.o
         0          0          0          0          0          0   usenofp.o

    ----------------------------------------------------------------------
      2564        202          0          0        100       2232   Library Totals
        18          0          0          0          4          0   (incl. Padding)

    ----------------------------------------------------------------------

      Code (inc. data)   RO Data    RW Data    ZI Data      Debug   Library Name

       428         30          0          0         96        996   c_w.l
      2118        172          0          0          0       1236   fz_ws.l

    ----------------------------------------------------------------------
      2564        202          0          0        100       2232   Library Totals

    ----------------------------------------------------------------------

==============================================================================


      Code (inc. data)   RO Data    RW Data    ZI Data      Debug   

     10176        766        336         60       4564     361647   Grand Totals
     10176        766        336         60       4564     361647   ELF Image Totals
     10176        766        336         60          0          0   ROM Totals

==============================================================================

    Total RO  Size (Code + RO Data)                10512 (  10.27kB)
    Total RW  Size (RW Data + ZI Data)              4624 (   4.52kB)
    Total ROM Size (Code + RO Data + RW Data)      10572 (  10.32kB)

==============================================================================

